Archive member included to satisfy reference by file (symbol)

C:/ST/STM32CubeIDE_1.12.0/STM32CubeIDE/plugins/com.st.stm32cube.ide.mcu.externaltools.gnu-tools-for-stm32.12.3.rel1.win32_1.0.200.202406191623/tools/bin/../lib/gcc/arm-none-eabi/12.3.1/../../../../arm-none-eabi/lib/thumb/v7e-m+fp/hard\libc_nano.a(libc_a-exit.o)
                              C:/ST/STM32CubeIDE_1.12.0/STM32CubeIDE/plugins/com.st.stm32cube.ide.mcu.externaltools.gnu-tools-for-stm32.12.3.rel1.win32_1.0.200.202406191623/tools/bin/../lib/gcc/arm-none-eabi/12.3.1/../../../../arm-none-eabi/lib/thumb/v7e-m+fp/hard/crt0.o (exit)
C:/ST/STM32CubeIDE_1.12.0/STM32CubeIDE/plugins/com.st.stm32cube.ide.mcu.externaltools.gnu-tools-for-stm32.12.3.rel1.win32_1.0.200.202406191623/tools/bin/../lib/gcc/arm-none-eabi/12.3.1/../../../../arm-none-eabi/lib/thumb/v7e-m+fp/hard\libc_nano.a(libc_a-findfp.o)
                              C:/ST/STM32CubeIDE_1.12.0/STM32CubeIDE/plugins/com.st.stm32cube.ide.mcu.externaltools.gnu-tools-for-stm32.12.3.rel1.win32_1.0.200.202406191623/tools/bin/../lib/gcc/arm-none-eabi/12.3.1/../../../../arm-none-eabi/lib/thumb/v7e-m+fp/hard\libc_nano.a(libc_a-exit.o) (__stdio_exit_handler)
C:/ST/STM32CubeIDE_1.12.0/STM32CubeIDE/plugins/com.st.stm32cube.ide.mcu.externaltools.gnu-tools-for-stm32.12.3.rel1.win32_1.0.200.202406191623/tools/bin/../lib/gcc/arm-none-eabi/12.3.1/../../../../arm-none-eabi/lib/thumb/v7e-m+fp/hard\libc_nano.a(libc_a-fwalk.o)
                              C:/ST/STM32CubeIDE_1.12.0/STM32CubeIDE/plugins/com.st.stm32cube.ide.mcu.externaltools.gnu-tools-for-stm32.12.3.rel1.win32_1.0.200.202406191623/tools/bin/../lib/gcc/arm-none-eabi/12.3.1/../../../../arm-none-eabi/lib/thumb/v7e-m+fp/hard\libc_nano.a(libc_a-findfp.o) (_fwalk_sglue)
C:/ST/STM32CubeIDE_1.12.0/STM32CubeIDE/plugins/com.st.stm32cube.ide.mcu.externaltools.gnu-tools-for-stm32.12.3.rel1.win32_1.0.200.202406191623/tools/bin/../lib/gcc/arm-none-eabi/12.3.1/../../../../arm-none-eabi/lib/thumb/v7e-m+fp/hard\libc_nano.a(libc_a-sprintf.o)
                              ./Core/Src/main.o (sprintf)
C:/ST/STM32CubeIDE_1.12.0/STM32CubeIDE/plugins/com.st.stm32cube.ide.mcu.externaltools.gnu-tools-for-stm32.12.3.rel1.win32_1.0.200.202406191623/tools/bin/../lib/gcc/arm-none-eabi/12.3.1/../../../../arm-none-eabi/lib/thumb/v7e-m+fp/hard\libc_nano.a(libc_a-stdio.o)
                              C:/ST/STM32CubeIDE_1.12.0/STM32CubeIDE/plugins/com.st.stm32cube.ide.mcu.externaltools.gnu-tools-for-stm32.12.3.rel1.win32_1.0.200.202406191623/tools/bin/../lib/gcc/arm-none-eabi/12.3.1/../../../../arm-none-eabi/lib/thumb/v7e-m+fp/hard\libc_nano.a(libc_a-findfp.o) (__sread)
C:/ST/STM32CubeIDE_1.12.0/STM32CubeIDE/plugins/com.st.stm32cube.ide.mcu.externaltools.gnu-tools-for-stm32.12.3.rel1.win32_1.0.200.202406191623/tools/bin/../lib/gcc/arm-none-eabi/12.3.1/../../../../arm-none-eabi/lib/thumb/v7e-m+fp/hard\libc_nano.a(libc_a-memset.o)
                              C:/ST/STM32CubeIDE_1.12.0/STM32CubeIDE/plugins/com.st.stm32cube.ide.mcu.externaltools.gnu-tools-for-stm32.12.3.rel1.win32_1.0.200.202406191623/tools/bin/../lib/gcc/arm-none-eabi/12.3.1/../../../../arm-none-eabi/lib/thumb/v7e-m+fp/hard/crt0.o (memset)
C:/ST/STM32CubeIDE_1.12.0/STM32CubeIDE/plugins/com.st.stm32cube.ide.mcu.externaltools.gnu-tools-for-stm32.12.3.rel1.win32_1.0.200.202406191623/tools/bin/../lib/gcc/arm-none-eabi/12.3.1/../../../../arm-none-eabi/lib/thumb/v7e-m+fp/hard\libc_nano.a(libc_a-closer.o)
                              C:/ST/STM32CubeIDE_1.12.0/STM32CubeIDE/plugins/com.st.stm32cube.ide.mcu.externaltools.gnu-tools-for-stm32.12.3.rel1.win32_1.0.200.202406191623/tools/bin/../lib/gcc/arm-none-eabi/12.3.1/../../../../arm-none-eabi/lib/thumb/v7e-m+fp/hard\libc_nano.a(libc_a-stdio.o) (_close_r)
C:/ST/STM32CubeIDE_1.12.0/STM32CubeIDE/plugins/com.st.stm32cube.ide.mcu.externaltools.gnu-tools-for-stm32.12.3.rel1.win32_1.0.200.202406191623/tools/bin/../lib/gcc/arm-none-eabi/12.3.1/../../../../arm-none-eabi/lib/thumb/v7e-m+fp/hard\libc_nano.a(libc_a-reent.o)
                              C:/ST/STM32CubeIDE_1.12.0/STM32CubeIDE/plugins/com.st.stm32cube.ide.mcu.externaltools.gnu-tools-for-stm32.12.3.rel1.win32_1.0.200.202406191623/tools/bin/../lib/gcc/arm-none-eabi/12.3.1/../../../../arm-none-eabi/lib/thumb/v7e-m+fp/hard\libc_nano.a(libc_a-closer.o) (errno)
C:/ST/STM32CubeIDE_1.12.0/STM32CubeIDE/plugins/com.st.stm32cube.ide.mcu.externaltools.gnu-tools-for-stm32.12.3.rel1.win32_1.0.200.202406191623/tools/bin/../lib/gcc/arm-none-eabi/12.3.1/../../../../arm-none-eabi/lib/thumb/v7e-m+fp/hard\libc_nano.a(libc_a-impure.o)
                              C:/ST/STM32CubeIDE_1.12.0/STM32CubeIDE/plugins/com.st.stm32cube.ide.mcu.externaltools.gnu-tools-for-stm32.12.3.rel1.win32_1.0.200.202406191623/tools/bin/../lib/gcc/arm-none-eabi/12.3.1/../../../../arm-none-eabi/lib/thumb/v7e-m+fp/hard\libc_nano.a(libc_a-sprintf.o) (_impure_ptr)
[...]
Memory Configuration

Name             Origin             Length             Attributes
CCMRAM           0x10000000         0x00010000         xrw
RAM              0x20000000         0x00020000         xrw
FLASH            0x08000000         0x00100000         xr
*default*        0x00000000         0xffffffff

Linker script and memory map

LOAD C:/ST/STM32CubeIDE_1.12.0/STM32CubeIDE/plugins/com.st.stm32cube.ide.mcu.externaltools.gnu-tools-for-stm32.12.3.rel1.win32_1.0.200.202406191623/tools/bin/../lib/gcc/arm-none-eabi/12.3.1/thumb/v7e-m+fp/hard/crti.o
LOAD C:/ST/STM32CubeIDE_1.12.0/STM32CubeIDE/plugins/com.st.stm32cube.ide.mcu.externaltools.gnu-tools-for-stm32.12.3.rel1.win32_1.0.200.202406191623/tools/bin/../lib/gcc/arm-none-eabi/12.3.1/thumb/v7e-m+fp/hard/crtbegin.o
LOAD C:/ST/STM32CubeIDE_1.12.0/STM32CubeIDE/plugins/com.st.stm32cube.ide.mcu.externaltools.gnu-tools-for-stm32.12.3.rel1.win32_1.0.200.202406191623/tools/bin/../lib/gcc/arm-none-eabi/12.3.1/../../../../arm-none-eabi/lib/thumb/v7e-m+fp/hard/crt0.o
LOAD ./Core/Src/dma.o
LOAD ./Core/Src/gpio.o
LOAD ./Core/Src/i2c_analyze.o
LOAD ./Core/Src/lcd.o
LOAD ./Core/Src/main.o
LOAD ./Core/Src/spi.o
LOAD ./Core/Src/stm32f4xx_hal_msp.o
LOAD ./Core/Src/stm32f4xx_it.o
LOAD ./Core/Src/syscalls.o
LOAD ./Core/Src/sysmem.o
LOAD ./Core/Src/system_stm32f4xx.o
LOAD ./Core/Startup/startup_stm32f407vgtx.o
LOAD ./Drivers/STM32F4xx_HAL_Driver/Src/stm32f4xx_hal.o
LOAD ./Drivers/STM32F4xx_HAL_Driver/Src/stm32f4xx_hal_cortex.o
LOAD ./Drivers/STM32F4xx_HAL_Driver/Src/stm32f4xx_hal_dma.o
LOAD ./Drivers/STM32F4xx_HAL_Driver/Src/stm32f4xx_hal_dma_ex.o
LOAD ./Drivers/STM32F4xx_HAL_Driver/Src/stm32f4xx_hal_exti.o
LOAD ./Drivers/STM32F4xx_HAL_Driver/Src/stm32f4xx_hal_flash.o
LOAD ./Drivers/STM32F4xx_HAL_Driver/Src/stm32f4xx_hal_flash_ex.o
LOAD ./Drivers/STM32F4xx_HAL_Driver/Src/stm32f4xx_hal_flash_ramfunc.o
LOAD ./Drivers/STM32F4xx_HAL_Driver/Src/stm32f4xx_hal_gpio.o
LOAD ./Drivers/STM32F4xx_HAL_Driver/Src/stm32f4xx_hal_pwr.o
LOAD ./Drivers/STM32F4xx_HAL_Driver/Src/stm32f4xx_hal_pwr_ex.o
LOAD ./Drivers/STM32F4xx_HAL_Driver/Src/stm32f4xx_hal_rcc.o
LOAD ./Drivers/STM32F4xx_HAL_Driver/Src/stm32f4xx_hal_rcc_ex.o
LOAD ./Drivers/STM32F4xx_HAL_Driver/Src/stm32f4xx_hal_spi.o
LOAD ./Drivers/STM32F4xx_HAL_Driver/Src/stm32f4xx_hal_tim.o
LOAD ./Drivers/STM32F4xx_HAL_Driver/Src/stm32f4xx_hal_tim_ex.o
START GROUP
LOAD C:/ST/STM32CubeIDE_1.12.0/STM32CubeIDE/plugins/com.st.stm32cube.ide.mcu.externaltools.gnu-tools-for-stm32.12.3.rel1.win32_1.0.200.202406191623/tools/bin/../lib/gcc/arm-none-eabi/12.3.1/../../../../arm-none-eabi/lib/thumb/v7e-m+fp/hard\libc_nano.a
LOAD C:/ST/STM32CubeIDE_1.12.0/STM32CubeIDE/plugins/com.st.stm32cube.ide.mcu.externaltools.gnu-tools-for-stm32.12.3.rel1.win32_1.0.200.202406191623/tools/bin/../lib/gcc/arm-none-eabi/12.3.1/../../../../arm-none-eabi/lib/thumb/v7e-m+fp/hard\libm.a
END GROUP
START GROUP
LOAD C:/ST/STM32CubeIDE_1.12.0/STM32CubeIDE/plugins/com.st.stm32cube.ide.mcu.externaltools.gnu-tools-for-stm32.12.3.rel1.win32_1.0.200.202406191623/tools/bin/../lib/gcc/arm-none-eabi/12.3.1/thumb/v7e-m+fp/hard\libgcc.a
LOAD C:/ST/STM32CubeIDE_1.12.0/STM32CubeIDE/plugins/com.st.stm32cube.ide.mcu.externaltools.gnu-tools-for-stm32.12.3.rel1.win32_1.0.200.202406191623/tools/bin/../lib/gcc/arm-none-eabi/12.3.1/../../../../arm-none-eabi/lib/thumb/v7e-m+fp/hard\libc_nano.a
END GROUP
START GROUP
LOAD C:/ST/STM32CubeIDE_1.12.0/STM32CubeIDE/plugins/com.st.stm32cube.ide.mcu.externaltools.gnu-tools-for-stm32.12.3.rel1.win32_1.0.200.202406191623/tools/bin/../lib/gcc/arm-none-eabi/12.3.1/thumb/v7e-m+fp/hard\libgcc.a
LOAD C:/ST/STM32CubeIDE_1.12.0/STM32CubeIDE/plugins/com.st.stm32cube.ide.mcu.externaltools.gnu-tools-for-stm32.12.3.rel1.win32_1.0.200.202406191623/tools/bin/../lib/gcc/arm-none-eabi/12.3.1/../../../../arm-none-eabi/lib/thumb/v7e-m+fp/hard\libc_nano.a
LOAD C:/ST/STM32CubeIDE_1.12.0/STM32CubeIDE/plugins/com.st.stm32cube.ide.mcu.externaltools.gnu-tools-for-stm32.12.3.rel1.win32_1.0.200.202406191623/tools/bin/../lib/gcc/arm-none-eabi/12.3.1/../../../../arm-none-eabi/lib/thumb/v7e-m+fp/hard\libnosys.a
END GROUP
START GROUP
LOAD C:/ST/STM32CubeIDE_1.12.0/STM32CubeIDE/plugins/com.st.stm32cube.ide.mcu.externaltools.gnu-tools-for-stm32.12.3.rel1.win32_1.0.200.202406191623/tools/bin/../lib/gcc/arm-none-eabi/12.3.1/thumb/v7e-m+fp/hard\libgcc.a
LOAD C:/ST/STM32CubeIDE_1.12.0/STM32CubeIDE/plugins/com.st.stm32cube.ide.mcu.externaltools.gnu-tools-for-stm32.12.3.rel1.win32_1.0.200.202406191623/tools/bin/../lib/gcc/arm-none-eabi/12.3.1/../../../../arm-none-eabi/lib/thumb/v7e-m+fp/hard\libc_nano.a
LOAD C:/ST/STM32CubeIDE_1.12.0/STM32CubeIDE/plugins/com.st.stm32cube.ide.mcu.externaltools.gnu-tools-for-stm32.12.3.rel1.win32_1.0.200.202406191623/tools/bin/../lib/gcc/arm-none-eabi/12.3.1/../../../../arm-none-eabi/lib/thumb/v7e-m+fp/hard\libnosys.a
END GROUP
LOAD C:/ST/STM32CubeIDE_1.12.0/STM32CubeIDE/plugins/com.st.stm32cube.ide.mcu.externaltools.gnu-tools-for-stm32.12.3.rel1.win32_1.0.200.202406191623/tools/bin/../lib/gcc/arm-none-eabi/12.3.1/thumb/v7e-m+fp/hard/crtend.o
LOAD C:/ST/STM32CubeIDE_1.12.0/STM32CubeIDE/plugins/com.st.stm32cube.ide.mcu.externaltools.gnu-tools-for-stm32.12.3.rel1.win32_1.0.200.202406191623/tools/bin/../lib/gcc/arm-none-eabi/12.3.1/thumb/v7e-m+fp/hard/crtn.o
                0x20020000                        _estack = (ORIGIN (RAM) + LENGTH (RAM))
                0x00000200                        _Min_Heap_Size = 0x200
                0x00000400                        _Min_Stack_Size = 0x400

.isr_vector     0x08000000      0x188
                0x08000000                        . = ALIGN (0x4)
 *(.isr_vector)
 .isr_vector    0x08000000      0x188 ./Core/Startup/startup_stm32f407vgtx.o
                0x08000000                g_pfnVectors
                0x08000188                        . = ALIGN (0x4)

.text           0x08000190     0x3814
                0x08000190                        . = ALIGN (0x4)
 *(.text)
 .text          0x08000190       0x40 C:/ST/STM32CubeIDE_1.12.0/STM32CubeIDE/plugins/com.st.stm32cube.ide.mcu.externaltools.gnu-tools-for-stm32.12.3.rel1.win32_1.0.200.202406191623/tools/bin/../lib/gcc/arm-none-eabi/12.3.1/thumb/v7e-m+fp/hard/crtbegin.o
 .text          0x080001d0       0xa0 C:/ST/STM32CubeIDE_1.12.0/STM32CubeIDE/plugins/com.st.stm32cube.ide.mcu.externaltools.gnu-tools-for-stm32.12.3.rel1.win32_1.0.200.202406191623/tools/bin/../lib/gcc/arm-none-eabi/12.3.1/../../../../arm-none-eabi/lib/thumb/v7e-m+fp/hard\libc_nano.a(libc_a-memchr.o)
                0x080001d0                memchr
 .text          0x08000270       0x30 C:/ST/STM32CubeIDE_1.12.0/STM32CubeIDE/plugins/com.st.stm32cube.ide.mcu.externaltools.gnu-tools-for-stm32.12.3.rel1.win32_1.0.200.202406191623/tools/bin/../lib/gcc/arm-none-eabi/12.3.1/thumb/v7e-m+fp/hard\libgcc.a(_aeabi_uldivmod.o)
                0x08000270                __aeabi_uldivmod
 .text          0x080002a0      0x2bc C:/ST/STM32CubeIDE_1.12.0/STM32CubeIDE/plugins/com.st.stm32cube.ide.mcu.externaltools.gnu-tools-for-stm32.12.3.rel1.win32_1.0.200.202406191623/tools/bin/../lib/gcc/arm-none-eabi/12.3.1/thumb/v7e-m+fp/hard\libgcc.a(_udivmoddi4.o)
                0x080002a0                __udivmoddi4
 .text          0x0800055c        0x4 C:/ST/STM32CubeIDE_1.12.0/STM32CubeIDE/plugins/com.st.stm32cube.ide.mcu.externaltools.gnu-tools-for-stm32.12.3.rel1.win32_1.0.200.202406191623/tools/bin/../lib/gcc/arm-none-eabi/12.3.1/thumb/v7e-m+fp/hard\libgcc.a(_dvmd_tls.o)
                0x0800055c                __aeabi_idiv0
                0x0800055c                __aeabi_ldiv0
 *(.text*)
 .text.MX_DMA_Init
                0x08000560       0x40 ./Core/Src/dma.o
                0x08000560                MX_DMA_Init
 .text.MX_GPIO_Init
                0x080005a0      0x110 ./Core/Src/gpio.o
                0x080005a0                MX_GPIO_Init
 .text.i2c_convert_i2c_byte
                0x080006b0       0x6c ./Core/Src/i2c_analyze.o
 .text.i2c_read_data
                0x0800071c       0x80 ./Core/Src/i2c_analyze.o
                0x0800071c                i2c_read_data
 .text.i2c_get_ready_i2c_byte
                0x0800079c       0x48 ./Core/Src/i2c_analyze.o
                0x0800079c                i2c_get_ready_i2c_byte
 .text.i2c_check_for_start
                0x080007e4       0x30 ./Core/Src/i2c_analyze.o
                0x080007e4                i2c_check_for_start
 .text.i2c_check_for_stop
                0x08000814       0x30 ./Core/Src/i2c_analyze.o
                0x08000814                i2c_check_for_stop
 .text.i2c_scl_falling
                0x08000844       0x18 ./Core/Src/i2c_analyze.o
                0x08000844                i2c_scl_falling
 .text.i2c_reset_all
                0x0800085c       0x68 ./Core/Src/i2c_analyze.o
                0x0800085c                i2c_reset_all
 .text.lcd_send_command
                0x080008c4       0x48 ./Core/Src/lcd.o
 .text.lcd_send_data
                0x0800090c       0x48 ./Core/Src/lcd.o
 .text.lcd_send
                0x08000954       0x32 ./Core/Src/lcd.o
 *fill*         0x08000986        0x2 
 .text.lcd_init
                0x08000988       0x70 ./Core/Src/lcd.o
                0x08000988                lcd_init
 .text.lcd_send_data16
                0x080009f8       0x2a ./Core/Src/lcd.o
 .text.lcd_set_window
                0x08000a22       0x66 ./Core/Src/lcd.o
 .text.lcd_put_pixel
                0x08000a88       0x38 ./Core/Src/lcd.o
                0x08000a88                lcd_put_pixel
 .text.fill_with
                0x08000ac0       0x3c ./Core/Src/lcd.o
                0x08000ac0                fill_with
 .text.lcd_copy
                0x08000afc       0x48 ./Core/Src/lcd.o
                0x08000afc                lcd_copy
 .text.LCD_DisplayChar
                0x08000b44       0xe4 ./Core/Src/lcd.o
                0x08000b44                LCD_DisplayChar
 .text.LCD_DisplayString
                0x08000c28       0x74 ./Core/Src/lcd.o
                0x08000c28                LCD_DisplayString
 .text.start_display
                0x08000c9c       0xa0 ./Core/Src/main.o
                0x08000c9c                start_display
 .text.HAL_GPIO_EXTI_Callback
                0x08000d3c       0x84 ./Core/Src/main.o
                0x08000d3c                HAL_GPIO_EXTI_Callback
 .text.main     0x08000dc0       0x40 ./Core/Src/main.o
                0x08000dc0                main
 .text.SystemClock_Config
                0x08000e00       0xd4 ./Core/Src/main.o
                0x08000e00                SystemClock_Config
 .text.Error_Handler
                0x08000ed4        0xc ./Core/Src/main.o
                0x08000ed4                Error_Handler
 .text.MX_SPI1_Init
                0x08000ee0       0x6c ./Core/Src/spi.o
                0x08000ee0                MX_SPI1_Init
 .text.HAL_SPI_MspInit
                0x08000f4c       0xf4 ./Core/Src/spi.o
                0x08000f4c                HAL_SPI_MspInit
 .text.HAL_MspInit
                0x08001040       0x50 ./Core/Src/stm32f4xx_hal_msp.o
                0x08001040                HAL_MspInit
 .text.NMI_Handler
                0x08001090        0x8 ./Core/Src/stm32f4xx_it.o
                0x08001090                NMI_Handler
 .text.HardFault_Handler
                0x08001098        0x8 ./Core/Src/stm32f4xx_it.o
                0x08001098                HardFault_Handler
 .text.MemManage_Handler
                0x080010a0        0x8 ./Core/Src/stm32f4xx_it.o
                0x080010a0                MemManage_Handler
 .text.BusFault_Handler
                0x080010a8        0x8 ./Core/Src/stm32f4xx_it.o
                0x080010a8                BusFault_Handler
 .text.UsageFault_Handler
                0x080010b0        0x8 ./Core/Src/stm32f4xx_it.o
                0x080010b0                UsageFault_Handler
 .text.SVC_Handler
                0x080010b8        0xe ./Core/Src/stm32f4xx_it.o
                0x080010b8                SVC_Handler
 .text.DebugMon_Handler
                0x080010c6        0xe ./Core/Src/stm32f4xx_it.o
                0x080010c6                DebugMon_Handler
 .text.PendSV_Handler
                0x080010d4        0xe ./Core/Src/stm32f4xx_it.o
                0x080010d4                PendSV_Handler
 .text.SysTick_Handler
                0x080010e2        0xc ./Core/Src/stm32f4xx_it.o
                0x080010e2                SysTick_Handler
 .text.EXTI9_5_IRQHandler
                0x080010ee       0x16 ./Core/Src/stm32f4xx_it.o
                0x080010ee                EXTI9_5_IRQHandler
 .text.EXTI15_10_IRQHandler
                0x08001104       0x18 ./Core/Src/stm32f4xx_it.o
                0x08001104                EXTI15_10_IRQHandler
 .text.DMA2_Stream3_IRQHandler
                0x0800111c       0x14 ./Core/Src/stm32f4xx_it.o
                0x0800111c                DMA2_Stream3_IRQHandler
 .text._sbrk    0x08001130       0x6c ./Core/Src/sysmem.o
                0x08001130                _sbrk
 .text.SystemInit
                0x0800119c       0x24 ./Core/Src/system_stm32f4xx.o
                0x0800119c                SystemInit
 .text.Reset_Handler
                0x080011c0       0x50 ./Core/Startup/startup_stm32f407vgtx.o
                0x080011c0                Reset_Handler
 .text.Default_Handler
                0x08001210        0x2 ./Core/Startup/startup_stm32f407vgtx.o
                0x08001210                RTC_Alarm_IRQHandler
                0x08001210                HASH_RNG_IRQHandler
                0x08001210                EXTI2_IRQHandler
                0x08001210                TIM8_CC_IRQHandler
                0x08001210                TIM1_CC_IRQHandler
                0x08001210                DMA2_Stream5_IRQHandler
                0x08001210                DMA1_Stream5_IRQHandler
                0x08001210                PVD_IRQHandler
                0x08001210                SDIO_IRQHandler
                0x08001210                TAMP_STAMP_IRQHandler
                0x08001210                CAN2_RX1_IRQHandler
                0x08001210                EXTI3_IRQHandler
                0x08001210                TIM8_TRG_COM_TIM14_IRQHandler
                0x08001210                TIM1_UP_TIM10_IRQHandler
                0x08001210                TIM8_UP_TIM13_IRQHandler
                0x08001210                I2C3_ER_IRQHandler
                0x08001210                EXTI0_IRQHandler
                0x08001210                I2C2_EV_IRQHandler
                0x08001210                DMA1_Stream2_IRQHandler
                0x08001210                CAN1_RX0_IRQHandler
                0x08001210                FPU_IRQHandler
                0x08001210                OTG_HS_WKUP_IRQHandler
                0x08001210                CAN2_SCE_IRQHandler
                0x08001210                DMA2_Stream2_IRQHandler
                0x08001210                SPI1_IRQHandler
                0x08001210                TIM6_DAC_IRQHandler
                0x08001210                TIM1_BRK_TIM9_IRQHandler
                0x08001210                DCMI_IRQHandler
                0x08001210                CAN2_RX0_IRQHandler
                0x08001210                USART6_IRQHandler
                0x08001210                USART3_IRQHandler
                0x08001210                CAN1_RX1_IRQHandler
                0x08001210                UART5_IRQHandler
                0x08001210                DMA2_Stream0_IRQHandler
                0x08001210                TIM4_IRQHandler
                0x08001210                I2C1_EV_IRQHandler
                0x08001210                DMA1_Stream6_IRQHandler
                0x08001210                DMA1_Stream1_IRQHandler
                0x08001210                UART4_IRQHandler
                0x08001210                TIM3_IRQHandler
                0x08001210                RCC_IRQHandler
                0x08001210                TIM8_BRK_TIM12_IRQHandler
                0x08001210                Default_Handler
                0x08001210                ADC_IRQHandler
                0x08001210                DMA1_Stream7_IRQHandler
                0x08001210                TIM7_IRQHandler
                0x08001210                CAN2_TX_IRQHandler
                0x08001210                TIM5_IRQHandler
                0x08001210                DMA2_Stream7_IRQHandler
                0x08001210                I2C3_EV_IRQHandler
                0x08001210                RTC_WKUP_IRQHandler
                0x08001210                ETH_WKUP_IRQHandler
                0x08001210                SPI2_IRQHandler
                0x08001210                OTG_HS_EP1_IN_IRQHandler
                0x08001210                DMA1_Stream0_IRQHandler
                0x08001210                CAN1_TX_IRQHandler
                0x08001210                EXTI4_IRQHandler
                0x08001210                FSMC_IRQHandler
                0x08001210                ETH_IRQHandler
                0x08001210                OTG_HS_EP1_OUT_IRQHandler
                0x08001210                WWDG_IRQHandler
                0x08001210                TIM2_IRQHandler
                0x08001210                OTG_FS_WKUP_IRQHandler
                0x08001210                TIM1_TRG_COM_TIM11_IRQHandler
                0x08001210                OTG_HS_IRQHandler
                0x08001210                EXTI1_IRQHandler
                0x08001210                USART2_IRQHandler
                0x08001210                I2C2_ER_IRQHandler
                0x08001210                DMA2_Stream1_IRQHandler
                0x08001210                CAN1_SCE_IRQHandler
                0x08001210                FLASH_IRQHandler
                0x08001210                DMA2_Stream4_IRQHandler
                0x08001210                USART1_IRQHandler
                0x08001210                OTG_FS_IRQHandler
                0x08001210                SPI3_IRQHandler
                0x08001210                DMA1_Stream4_IRQHandler
                0x08001210                I2C1_ER_IRQHandler
                0x08001210                DMA2_Stream6_IRQHandler
                0x08001210                DMA1_Stream3_IRQHandler
 *fill*         0x08001212        0x2 
 .text.HAL_Init
                0x08001214       0x44 ./Drivers/STM32F4xx_HAL_Driver/Src/stm32f4xx_hal.o
                0x08001214                HAL_Init
 .text.HAL_InitTick
                0x08001258       0x60 ./Drivers/STM32F4xx_HAL_Driver/Src/stm32f4xx_hal.o
                0x08001258                HAL_InitTick
 .text.HAL_IncTick
                0x080012b8       0x28 ./Drivers/STM32F4xx_HAL_Driver/Src/stm32f4xx_hal.o
                0x080012b8                HAL_IncTick
 .text.HAL_GetTick
                0x080012e0       0x18 ./Drivers/STM32F4xx_HAL_Driver/Src/stm32f4xx_hal.o
                0x080012e0                HAL_GetTick
 .text.HAL_Delay
                0x080012f8       0x48 ./Drivers/STM32F4xx_HAL_Driver/Src/stm32f4xx_hal.o
                0x080012f8                HAL_Delay
 .text.__NVIC_SetPriorityGrouping
                0x08001340       0x48 ./Drivers/STM32F4xx_HAL_Driver/Src/stm32f4xx_hal_cortex.o
 .text.__NVIC_GetPriorityGrouping
                0x08001388       0x1c ./Drivers/STM32F4xx_HAL_Driver/Src/stm32f4xx_hal_cortex.o
 .text.__NVIC_EnableIRQ
                0x080013a4       0x3c ./Drivers/STM32F4xx_HAL_Driver/Src/stm32f4xx_hal_cortex.o
 .text.__NVIC_SetPriority
                0x080013e0       0x54 ./Drivers/STM32F4xx_HAL_Driver/Src/stm32f4xx_hal_cortex.o
 .text.NVIC_EncodePriority
                0x08001434       0x66 ./Drivers/STM32F4xx_HAL_Driver/Src/stm32f4xx_hal_cortex.o
 *fill*         0x0800149a        0x2 
 .text.SysTick_Config
                0x0800149c       0x44 ./Drivers/STM32F4xx_HAL_Driver/Src/stm32f4xx_hal_cortex.o
 .text.HAL_NVIC_SetPriorityGrouping
                0x080014e0       0x16 ./Drivers/STM32F4xx_HAL_Driver/Src/stm32f4xx_hal_cortex.o
                0x080014e0                HAL_NVIC_SetPriorityGrouping
 .text.HAL_NVIC_SetPriority
                0x080014f6       0x38 ./Drivers/STM32F4xx_HAL_Driver/Src/stm32f4xx_hal_cortex.o
                0x080014f6                HAL_NVIC_SetPriority
 .text.HAL_NVIC_EnableIRQ
                0x0800152e       0x1c ./Drivers/STM32F4xx_HAL_Driver/Src/stm32f4xx_hal_cortex.o
                0x0800152e                HAL_NVIC_EnableIRQ
 .text.HAL_SYSTICK_Config
                0x0800154a       0x18 ./Drivers/STM32F4xx_HAL_Driver/Src/stm32f4xx_hal_cortex.o
                0x0800154a                HAL_SYSTICK_Config
 *fill*         0x08001562        0x2 
 .text.HAL_DMA_Init
                0x08001564      0x15c ./Drivers/STM32F4xx_HAL_Driver/Src/stm32f4xx_hal_dma.o
                0x08001564                HAL_DMA_Init
 .text.HAL_DMA_Start_IT
                0x080016c0       0xb0 ./Drivers/STM32F4xx_HAL_Driver/Src/stm32f4xx_hal_dma.o
                0x080016c0                HAL_DMA_Start_IT
 .text.HAL_DMA_IRQHandler
                0x08001770      0x314 ./Drivers/STM32F4xx_HAL_Driver/Src/stm32f4xx_hal_dma.o
                0x08001770                HAL_DMA_IRQHandler
 .text.DMA_SetConfig
                0x08001a84       0x5c ./Drivers/STM32F4xx_HAL_Driver/Src/stm32f4xx_hal_dma.o
 .text.DMA_CalcBaseAndBitshift
                0x08001ae0       0x6c ./Drivers/STM32F4xx_HAL_Driver/Src/stm32f4xx_hal_dma.o
 .text.DMA_CheckFifoParam
                0x08001b4c       0xf8 ./Drivers/STM32F4xx_HAL_Driver/Src/stm32f4xx_hal_dma.o
 .text.HAL_GPIO_Init
                0x08001c44      0x338 ./Drivers/STM32F4xx_HAL_Driver/Src/stm32f4xx_hal_gpio.o
                0x08001c44                HAL_GPIO_Init
 .text.HAL_GPIO_ReadPin
                0x08001f7c       0x30 ./Drivers/STM32F4xx_HAL_Driver/Src/stm32f4xx_hal_gpio.o
                0x08001f7c                HAL_GPIO_ReadPin
 .text.HAL_GPIO_WritePin
                0x08001fac       0x32 ./Drivers/STM32F4xx_HAL_Driver/Src/stm32f4xx_hal_gpio.o
                0x08001fac                HAL_GPIO_WritePin
 *fill*         0x08001fde        0x2 
 .text.HAL_GPIO_EXTI_IRQHandler
                0x08001fe0       0x30 ./Drivers/STM32F4xx_HAL_Driver/Src/stm32f4xx_hal_gpio.o
                0x08001fe0                HAL_GPIO_EXTI_IRQHandler
 .text.HAL_RCC_OscConfig
                0x08002010      0x4f0 ./Drivers/STM32F4xx_HAL_Driver/Src/stm32f4xx_hal_rcc.o
                0x08002010                HAL_RCC_OscConfig
 .text.HAL_RCC_ClockConfig
                0x08002500      0x1cc ./Drivers/STM32F4xx_HAL_Driver/Src/stm32f4xx_hal_rcc.o
                0x08002500                HAL_RCC_ClockConfig
 .text.HAL_RCC_GetSysClockFreq
                0x080026cc      0x18c ./Drivers/STM32F4xx_HAL_Driver/Src/stm32f4xx_hal_rcc.o
                0x080026cc                HAL_RCC_GetSysClockFreq
 .text.HAL_SPI_Init
                0x08002858      0x112 ./Drivers/STM32F4xx_HAL_Driver/Src/stm32f4xx_hal_spi.o
                0x08002858                HAL_SPI_Init
 .text.HAL_SPI_Transmit
                0x0800296a      0x286 ./Drivers/STM32F4xx_HAL_Driver/Src/stm32f4xx_hal_spi.o
                0x0800296a                HAL_SPI_Transmit
 .text.HAL_SPI_Transmit_DMA
                0x08002bf0      0x164 ./Drivers/STM32F4xx_HAL_Driver/Src/stm32f4xx_hal_spi.o
                0x08002bf0                HAL_SPI_Transmit_DMA
 .text.HAL_SPI_TxCpltCallback
                0x08002d54       0x14 ./Drivers/STM32F4xx_HAL_Driver/Src/stm32f4xx_hal_spi.o
                0x08002d54                HAL_SPI_TxCpltCallback
 .text.HAL_SPI_TxHalfCpltCallback
                0x08002d68       0x14 ./Drivers/STM32F4xx_HAL_Driver/Src/stm32f4xx_hal_spi.o
                0x08002d68                HAL_SPI_TxHalfCpltCallback
 .text.HAL_SPI_ErrorCallback
                0x08002d7c       0x14 ./Drivers/STM32F4xx_HAL_Driver/Src/stm32f4xx_hal_spi.o
                0x08002d7c                HAL_SPI_ErrorCallback
 .text.SPI_DMATransmitCplt
                0x08002d90       0xa8 ./Drivers/STM32F4xx_HAL_Driver/Src/stm32f4xx_hal_spi.o
 .text.SPI_DMAHalfTransmitCplt
                0x08002e38       0x1c ./Drivers/STM32F4xx_HAL_Driver/Src/stm32f4xx_hal_spi.o
 .text.SPI_DMAError
                0x08002e54       0x40 ./Drivers/STM32F4xx_HAL_Driver/Src/stm32f4xx_hal_spi.o
 .text.SPI_WaitFlagStateUntilTimeout
                0x08002e94      0x110 ./Drivers/STM32F4xx_HAL_Driver/Src/stm32f4xx_hal_spi.o
 .text.SPI_EndRxTxTransaction
                0x08002fa4       0xa8 ./Drivers/STM32F4xx_HAL_Driver/Src/stm32f4xx_hal_spi.o
 .text.sprintf  0x0800304c       0x40 C:/ST/STM32CubeIDE_1.12.0/STM32CubeIDE/plugins/com.st.stm32cube.ide.mcu.externaltools.gnu-tools-for-stm32.12.3.rel1.win32_1.0.200.202406191623/tools/bin/../lib/gcc/arm-none-eabi/12.3.1/../../../../arm-none-eabi/lib/thumb/v7e-m+fp/hard\libc_nano.a(libc_a-sprintf.o)
                0x0800304c                siprintf
                0x0800304c                sprintf
 .text.memset   0x0800308c       0x10 C:/ST/STM32CubeIDE_1.12.0/STM32CubeIDE/plugins/com.st.stm32cube.ide.mcu.externaltools.gnu-tools-for-stm32.12.3.rel1.win32_1.0.200.202406191623/tools/bin/../lib/gcc/arm-none-eabi/12.3.1/../../../../arm-none-eabi/lib/thumb/v7e-m+fp/hard\libc_nano.a(libc_a-memset.o)
                0x0800308c                memset
 .text.__errno  0x0800309c        0xc C:/ST/STM32CubeIDE_1.12.0/STM32CubeIDE/plugins/com.st.stm32cube.ide.mcu.externaltools.gnu-tools-for-stm32.12.3.rel1.win32_1.0.200.202406191623/tools/bin/../lib/gcc/arm-none-eabi/12.3.1/../../../../arm-none-eabi/lib/thumb/v7e-m+fp/hard\libc_nano.a(libc_a-errno.o)
                0x0800309c                __errno
 .text.__libc_init_array
                0x080030a8       0x48 C:/ST/STM32CubeIDE_1.12.0/STM32CubeIDE/plugins/com.st.stm32cube.ide.mcu.externaltools.gnu-tools-for-stm32.12.3.rel1.win32_1.0.200.202406191623/tools/bin/../lib/gcc/arm-none-eabi/12.3.1/../../../../arm-none-eabi/lib/thumb/v7e-m+fp/hard\libc_nano.a(libc_a-init.o)
                0x080030a8                __libc_init_array
 .text.__retarget_lock_acquire_recursive
                0x080030f0        0x2 C:/ST/STM32CubeIDE_1.12.0/STM32CubeIDE/plugins/com.st.stm32cube.ide.mcu.externaltools.gnu-tools-for-stm32.12.3.rel1.win32_1.0.200.202406191623/tools/bin/../lib/gcc/arm-none-eabi/12.3.1/../../../../arm-none-eabi/lib/thumb/v7e-m+fp/hard\libc_nano.a(libc_a-lock.o)
                0x080030f0                __retarget_lock_acquire_recursive
 .text.__retarget_lock_release_recursive
                0x080030f2        0x2 C:/ST/STM32CubeIDE_1.12.0/STM32CubeIDE/plugins/com.st.stm32cube.ide.mcu.externaltools.gnu-tools-for-stm32.12.3.rel1.win32_1.0.200.202406191623/tools/bin/../lib/gcc/arm-none-eabi/12.3.1/../../../../arm-none-eabi/lib/thumb/v7e-m+fp/hard\libc_nano.a(libc_a-lock.o)
                0x080030f2                __retarget_lock_release_recursive
 .text._free_r  0x080030f4       0x94 C:/ST/STM32CubeIDE_1.12.0/STM32CubeIDE/plugins/com.st.stm32cube.ide.mcu.externaltools.gnu-tools-for-stm32.12.3.rel1.win32_1.0.200.202406191623/tools/bin/../lib/gcc/arm-none-eabi/12.3.1/../../../../arm-none-eabi/lib/thumb/v7e-m+fp/hard\libc_nano.a(libc_a-freer.o)
                0x080030f4                _free_r
 .text.sbrk_aligned
                0x08003188       0x44 C:/ST/STM32CubeIDE_1.12.0/STM32CubeIDE/plugins/com.st.stm32cube.ide.mcu.externaltools.gnu-tools-for-stm32.12.3.rel1.win32_1.0.200.202406191623/tools/bin/../lib/gcc/arm-none-eabi/12.3.1/../../../../arm-none-eabi/lib/thumb/v7e-m+fp/hard\libc_nano.a(libc_a-mallocr.o)
 .text._malloc_r
                0x080031cc      0x100 C:/ST/STM32CubeIDE_1.12.0/STM32CubeIDE/plugins/com.st.stm32cube.ide.mcu.externaltools.gnu-tools-for-stm32.12.3.rel1.win32_1.0.200.202406191623/tools/bin/../lib/gcc/arm-none-eabi/12.3.1/../../../../arm-none-eabi/lib/thumb/v7e-m+fp/hard\libc_nano.a(libc_a-mallocr.o)
                0x080031cc                _malloc_r
 .text.__malloc_lock
                0x080032cc        0xc C:/ST/STM32CubeIDE_1.12.0/STM32CubeIDE/plugins/com.st.stm32cube.ide.mcu.externaltools.gnu-tools-for-stm32.12.3.rel1.win32_1.0.200.202406191623/tools/bin/../lib/gcc/arm-none-eabi/12.3.1/../../../../arm-none-eabi/lib/thumb/v7e-m+fp/hard\libc_nano.a(libc_a-mlock.o)
                0x080032cc                __malloc_lock
 .text.__malloc_unlock
                0x080032d8        0xc C:/ST/STM32CubeIDE_1.12.0/STM32CubeIDE/plugins/com.st.stm32cube.ide.mcu.externaltools.gnu-tools-for-stm32.12.3.rel1.win32_1.0.200.202406191623/tools/bin/../lib/gcc/arm-none-eabi/12.3.1/../../../../arm-none-eabi/lib/thumb/v7e-m+fp/hard\libc_nano.a(libc_a-mlock.o)
                0x080032d8                __malloc_unlock
 .text.__ssputs_r
                0x080032e4       0xb6 C:/ST/STM32CubeIDE_1.12.0/STM32CubeIDE/plugins/com.st.stm32cube.ide.mcu.externaltools.gnu-tools-for-stm32.12.3.rel1.win32_1.0.200.202406191623/tools/bin/../lib/gcc/arm-none-eabi/12.3.1/../../../../arm-none-eabi/lib/thumb/v7e-m+fp/hard\libc_nano.a(libc_a-nano-svfprintf.o)
                0x080032e4                __ssputs_r
 *fill*         0x0800339a        0x2 
 .text._svfprintf_r
                0x0800339c      0x1f8 C:/ST/STM32CubeIDE_1.12.0/STM32CubeIDE/plugins/com.st.stm32cube.ide.mcu.externaltools.gnu-tools-for-stm32.12.3.rel1.win32_1.0.200.202406191623/tools/bin/../lib/gcc/arm-none-eabi/12.3.1/../../../../arm-none-eabi/lib/thumb/v7e-m+fp/hard\libc_nano.a(libc_a-nano-svfprintf.o)
                0x0800339c                _svfiprintf_r
                0x0800339c                _svfprintf_r
 .text._printf_common
                0x08003594       0xda C:/ST/STM32CubeIDE_1.12.0/STM32CubeIDE/plugins/com.st.stm32cube.ide.mcu.externaltools.gnu-tools-for-stm32.12.3.rel1.win32_1.0.200.202406191623/tools/bin/../lib/gcc/arm-none-eabi/12.3.1/../../../../arm-none-eabi/lib/thumb/v7e-m+fp/hard\libc_nano.a(libc_a-nano-vfprintf_i.o)
                0x08003594                _printf_common
 *fill*         0x0800366e        0x2 
 .text._printf_i
                0x08003670      0x240 C:/ST/STM32CubeIDE_1.12.0/STM32CubeIDE/plugins/com.st.stm32cube.ide.mcu.externaltools.gnu-tools-for-stm32.12.3.rel1.win32_1.0.200.202406191623/tools/bin/../lib/gcc/arm-none-eabi/12.3.1/../../../../arm-none-eabi/lib/thumb/v7e-m+fp/hard\libc_nano.a(libc_a-nano-vfprintf_i.o)
                0x08003670                _printf_i
 .text.memmove  0x080038b0       0x34 C:/ST/STM32CubeIDE_1.12.0/STM32CubeIDE/plugins/com.st.stm32cube.ide.mcu.externaltools.gnu-tools-for-stm32.12.3.rel1.win32_1.0.200.202406191623/tools/bin/../lib/gcc/arm-none-eabi/12.3.1/../../../../arm-none-eabi/lib/thumb/v7e-m+fp/hard\libc_nano.a(libc_a-memmove.o)
                0x080038b0                memmove
 .text._sbrk_r  0x080038e4       0x20 C:/ST/STM32CubeIDE_1.12.0/STM32CubeIDE/plugins/com.st.stm32cube.ide.mcu.externaltools.gnu-tools-for-stm32.12.3.rel1.win32_1.0.200.202406191623/tools/bin/../lib/gcc/arm-none-eabi/12.3.1/../../../../arm-none-eabi/lib/thumb/v7e-m+fp/hard\libc_nano.a(libc_a-sbrkr.o)
                0x080038e4                _sbrk_r
 .text.memcpy   0x08003904       0x1c C:/ST/STM32CubeIDE_1.12.0/STM32CubeIDE/plugins/com.st.stm32cube.ide.mcu.externaltools.gnu-tools-for-stm32.12.3.rel1.win32_1.0.200.202406191623/tools/bin/../lib/gcc/arm-none-eabi/12.3.1/../../../../arm-none-eabi/lib/thumb/v7e-m+fp/hard\libc_nano.a(libc_a-memcpy-stub.o)
                0x08003904                memcpy
 .text._realloc_r
                0x08003920       0x5c C:/ST/STM32CubeIDE_1.12.0/STM32CubeIDE/plugins/com.st.stm32cube.ide.mcu.externaltools.gnu-tools-for-stm32.12.3.rel1.win32_1.0.200.202406191623/tools/bin/../lib/gcc/arm-none-eabi/12.3.1/../../../../arm-none-eabi/lib/thumb/v7e-m+fp/hard\libc_nano.a(libc_a-reallocr.o)
                0x08003920                _realloc_r
 .text._malloc_usable_size_r
                0x0800397c       0x10 C:/ST/STM32CubeIDE_1.12.0/STM32CubeIDE/plugins/com.st.stm32cube.ide.mcu.externaltools.gnu-tools-for-stm32.12.3.rel1.win32_1.0.200.202406191623/tools/bin/../lib/gcc/arm-none-eabi/12.3.1/../../../../arm-none-eabi/lib/thumb/v7e-m+fp/hard\libc_nano.a(libc_a-msizer.o)
                0x0800397c                _malloc_usable_size_r
 *(.glue_7)
 .glue_7        0x0800398c        0x0 linker stubs
 *(.glue_7t)
 .glue_7t       0x0800398c        0x0 linker stubs
 *(.eh_frame)
 .eh_frame      0x0800398c        0x0 C:/ST/STM32CubeIDE_1.12.0/STM32CubeIDE/plugins/com.st.stm32cube.ide.mcu.externaltools.gnu-tools-for-stm32.12.3.rel1.win32_1.0.200.202406191623/tools/bin/../lib/gcc/arm-none-eabi/12.3.1/thumb/v7e-m+fp/hard/crtbegin.o
 *(.init)
 .init          0x0800398c        0x4 C:/ST/STM32CubeIDE_1.12.0/STM32CubeIDE/plugins/com.st.stm32cube.ide.mcu.externaltools.gnu-tools-for-stm32.12.3.rel1.win32_1.0.200.202406191623/tools/bin/../lib/gcc/arm-none-eabi/12.3.1/thumb/v7e-m+fp/hard/crti.o
                0x0800398c                _init
 .init          0x08003990        0x8 C:/ST/STM32CubeIDE_1.12.0/STM32CubeIDE/plugins/com.st.stm32cube.ide.mcu.externaltools.gnu-tools-for-stm32.12.3.rel1.win32_1.0.200.202406191623/tools/bin/../lib/gcc/arm-none-eabi/12.3.1/thumb/v7e-m+fp/hard/crtn.o
 *(.fini)
 .fini          0x08003998        0x4 C:/ST/STM32CubeIDE_1.12.0/STM32CubeIDE/plugins/com.st.stm32cube.ide.mcu.externaltools.gnu-tools-for-stm32.12.3.rel1.win32_1.0.200.202406191623/tools/bin/../lib/gcc/arm-none-eabi/12.3.1/thumb/v7e-m+fp/hard/crti.o
                0x08003998                _fini
 .fini          0x0800399c        0x8 C:/ST/STM32CubeIDE_1.12.0/STM32CubeIDE/plugins/com.st.stm32cube.ide.mcu.externaltools.gnu-tools-for-stm32.12.3.rel1.win32_1.0.200.202406191623/tools/bin/../lib/gcc/arm-none-eabi/12.3.1/thumb/v7e-m+fp/hard/crtn.o
                0x080039a4                        . = ALIGN (0x4)
                0x080039a4                        _etext = .

.vfp11_veneer   0x080039a4        0x0
 .vfp11_veneer  0x080039a4        0x0 linker stubs

.v4_bx          0x080039a4        0x0
 .v4_bx         0x080039a4        0x0 linker stubs

.iplt           0x080039a4        0x0
 .iplt          0x080039a4        0x0 C:/ST/STM32CubeIDE_1.12.0/STM32CubeIDE/plugins/com.st.stm32cube.ide.mcu.externaltools.gnu-tools-for-stm32.12.3.rel1.win32_1.0.200.202406191623/tools/bin/../lib/gcc/arm-none-eabi/12.3.1/thumb/v7e-m+fp/hard/crtbegin.o

.rodata         0x080039a4       0xfc
                0x080039a4                        . = ALIGN (0x4)
 *(.rodata)
 .rodata        0x080039a4       0x15 ./Core/Src/main.o
 *(.rodata*)
 *fill*         0x080039b9        0x3 
 .rodata.init_table
                0x080039bc       0x98 ./Core/Src/lcd.o
 .rodata.AHBPrescTable
                0x08003a54       0x10 ./Core/Src/system_stm32f4xx.o
                0x08003a54                AHBPrescTable
 .rodata.flagBitshiftOffset.0
                0x08003a64        0x8 ./Drivers/STM32F4xx_HAL_Driver/Src/stm32f4xx_hal_dma.o
 .rodata._svfprintf_r.str1.1
                0x08003a6c       0x11 C:/ST/STM32CubeIDE_1.12.0/STM32CubeIDE/plugins/com.st.stm32cube.ide.mcu.externaltools.gnu-tools-for-stm32.12.3.rel1.win32_1.0.200.202406191623/tools/bin/../lib/gcc/arm-none-eabi/12.3.1/../../../../arm-none-eabi/lib/thumb/v7e-m+fp/hard\libc_nano.a(libc_a-nano-svfprintf.o)
 .rodata._printf_i.str1.1
                0x08003a7d       0x22 C:/ST/STM32CubeIDE_1.12.0/STM32CubeIDE/plugins/com.st.stm32cube.ide.mcu.externaltools.gnu-tools-for-stm32.12.3.rel1.win32_1.0.200.202406191623/tools/bin/../lib/gcc/arm-none-eabi/12.3.1/../../../../arm-none-eabi/lib/thumb/v7e-m+fp/hard\libc_nano.a(libc_a-nano-vfprintf_i.o)
                0x08003aa0                        . = ALIGN (0x4)
 *fill*         0x08003a9f        0x1 

.ARM.extab      0x08003aa0        0x0
                0x08003aa0                        . = ALIGN (0x4)
 *(.ARM.extab* .gnu.linkonce.armextab.*)
                0x08003aa0                        . = ALIGN (0x4)

.ARM            0x08003aa0        0x8
                0x08003aa0                        . = ALIGN (0x4)
                0x08003aa0                        __exidx_start = .
 *(.ARM.exidx*)
 .ARM.exidx     0x08003aa0        0x8 C:/ST/STM32CubeIDE_1.12.0/STM32CubeIDE/plugins/com.st.stm32cube.ide.mcu.externaltools.gnu-tools-for-stm32.12.3.rel1.win32_1.0.200.202406191623/tools/bin/../lib/gcc/arm-none-eabi/12.3.1/../../../../arm-none-eabi/lib/thumb/v7e-m+fp/hard\libc_nano.a(libc_a-memchr.o)
 .ARM.exidx     0x08003aa8        0x0 C:/ST/STM32CubeIDE_1.12.0/STM32CubeIDE/plugins/com.st.stm32cube.ide.mcu.externaltools.gnu-tools-for-stm32.12.3.rel1.win32_1.0.200.202406191623/tools/bin/../lib/gcc/arm-none-eabi/12.3.1/thumb/v7e-m+fp/hard\libgcc.a(_udivmoddi4.o)
                                  0x8 (size before relaxing)
                0x08003aa8                        __exidx_end = .
                0x08003aa8                        . = ALIGN (0x4)

.preinit_array  0x08003aa8        0x0
                0x08003aa8                        . = ALIGN (0x4)
                0x08003aa8                        PROVIDE (__preinit_array_start = .)
 *(.preinit_array*)
                0x08003aa8                        PROVIDE (__preinit_array_end = .)
                0x08003aa8                        . = ALIGN (0x4)

.init_array     0x08003aa8        0x4
                0x08003aa8                        . = ALIGN (0x4)
                0x08003aa8                        PROVIDE (__init_array_start = .)
 *(SORT_BY_NAME(.init_array.*))
 *(.init_array*)
 .init_array    0x08003aa8        0x4 C:/ST/STM32CubeIDE_1.12.0/STM32CubeIDE/plugins/com.st.stm32cube.ide.mcu.externaltools.gnu-tools-for-stm32.12.3.rel1.win32_1.0.200.202406191623/tools/bin/../lib/gcc/arm-none-eabi/12.3.1/thumb/v7e-m+fp/hard/crtbegin.o
                0x08003aac                        PROVIDE (__init_array_end = .)
                0x08003aac                        . = ALIGN (0x4)

.fini_array     0x08003aac        0x4
                0x08003aac                        . = ALIGN (0x4)
                [!provide]                        PROVIDE (__fini_array_start = .)
 *(SORT_BY_NAME(.fini_array.*))
 *(.fini_array*)
 .fini_array    0x08003aac        0x4 C:/ST/STM32CubeIDE_1.12.0/STM32CubeIDE/plugins/com.st.stm32cube.ide.mcu.externaltools.gnu-tools-for-stm32.12.3.rel1.win32_1.0.200.202406191623/tools/bin/../lib/gcc/arm-none-eabi/12.3.1/thumb/v7e-m+fp/hard/crtbegin.o
                [!provide]                        PROVIDE (__fini_array_end = .)
                0x08003ab0                        . = ALIGN (0x4)
                0x08003ab0                        _sidata = LOADADDR (.data)

.rel.dyn        0x08003ab0        0x0
 .rel.iplt      0x08003ab0        0x0 C:/ST/STM32CubeIDE_1.12.0/STM32CubeIDE/plugins/com.st.stm32cube.ide.mcu.externaltools.gnu-tools-for-stm32.12.3.rel1.win32_1.0.200.202406191623/tools/bin/../lib/gcc/arm-none-eabi/12.3.1/thumb/v7e-m+fp/hard/crtbegin.o

.data           0x20000000      0x360 load address 0x08003ab0
                0x20000000                        . = ALIGN (0x4)
                0x20000000                        _sdata = .
 *(.data)
 *(.data*)
 .data.i2c_last_scl_bit_value
                0x20000000        0x4 ./Core/Src/i2c_analyze.o
                0x20000000                i2c_last_scl_bit_value
 .data.Font8_Table
                0x20000004      0x2f8 ./Core/Src/lcd.o
                0x20000004                Font8_Table
 .data.x        0x200002fc        0x4 ./Core/Src/main.o
                0x200002fc                x
 .data.y        0x20000300        0x4 ./Core/Src/main.o
                0x20000300                y
 .data.SystemCoreClock
                0x20000304        0x4 ./Core/Src/system_stm32f4xx.o
                0x20000304                SystemCoreClock
 .data.uwTickPrio
                0x20000308        0x4 ./Drivers/STM32F4xx_HAL_Driver/Src/stm32f4xx_hal.o
                0x20000308                uwTickPrio
 .data.uwTickFreq
                0x2000030c        0x1 ./Drivers/STM32F4xx_HAL_Driver/Src/stm32f4xx_hal.o
                0x2000030c                uwTickFreq
 *fill*         0x2000030d        0x3 
 .data._impure_ptr
                0x20000310        0x4 C:/ST/STM32CubeIDE_1.12.0/STM32CubeIDE/plugins/com.st.stm32cube.ide.mcu.externaltools.gnu-tools-for-stm32.12.3.rel1.win32_1.0.200.202406191623/tools/bin/../lib/gcc/arm-none-eabi/12.3.1/../../../../arm-none-eabi/lib/thumb/v7e-m+fp/hard\libc_nano.a(libc_a-impure.o)
                0x20000310                _impure_ptr
 .data._impure_data
                0x20000314       0x4c C:/ST/STM32CubeIDE_1.12.0/STM32CubeIDE/plugins/com.st.stm32cube.ide.mcu.externaltools.gnu-tools-for-stm32.12.3.rel1.win32_1.0.200.202406191623/tools/bin/../lib/gcc/arm-none-eabi/12.3.1/../../../../arm-none-eabi/lib/thumb/v7e-m+fp/hard\libc_nano.a(libc_a-impure.o)
                0x20000314                _impure_data
 *(.RamFunc)
 *(.RamFunc*)
                0x20000360                        . = ALIGN (0x4)
                0x20000360                        _edata = .
                0x08003e10                        _siccmram = LOADADDR (.ccmram)

.igot.plt       0x20000360        0x0 load address 0x08003e10
 .igot.plt      0x20000360        0x0 C:/ST/STM32CubeIDE_1.12.0/STM32CubeIDE/plugins/com.st.stm32cube.ide.mcu.externaltools.gnu-tools-for-stm32.12.3.rel1.win32_1.0.200.202406191623/tools/bin/../lib/gcc/arm-none-eabi/12.3.1/thumb/v7e-m+fp/hard/crtbegin.o

.ccmram         0x10000000        0x0 load address 0x08003e10
                0x10000000                        . = ALIGN (0x4)
                0x10000000                        _sccmram = .
 *(.ccmram)
 *(.ccmram*)
                0x10000000                        . = ALIGN (0x4)
                0x10000000                        _eccmram = .
                0x10000000                        . = ALIGN (0x4)

.bss            0x20000360     0xa45c
                0x20000360                        _sbss = .
                0x20000360                        __bss_start__ = _sbss
 *(.bss)
 .bss           0x20000360       0x1c C:/ST/STM32CubeIDE_1.12.0/STM32CubeIDE/plugins/com.st.stm32cube.ide.mcu.externaltools.gnu-tools-for-stm32.12.3.rel1.win32_1.0.200.202406191623/tools/bin/../lib/gcc/arm-none-eabi/12.3.1/thumb/v7e-m+fp/hard/crtbegin.o
 *(.bss*)
 .bss.i2c_bits  0x2000037c      0x100 ./Core/Src/i2c_analyze.o
 .bss.i2c_bits_counter
                0x2000047c        0x4 ./Core/Src/i2c_analyze.o
 .bss.i2c_bytes
                0x20000480      0x100 ./Core/Src/i2c_analyze.o
                0x20000480                i2c_bytes
 .bss.i2c_bytes_counter
                0x20000580        0x4 ./Core/Src/i2c_analyze.o
                0x20000580                i2c_bytes_counter
 .bss.i2c_next_byte_counter
                0x20000584        0x4 ./Core/Src/i2c_analyze.o
                0x20000584                i2c_next_byte_counter
 .bss.conversion
                0x20000588        0x1 ./Core/Src/i2c_analyze.o
 *fill*         0x20000589        0x3 
 .bss.frame_buffer
                0x2000058c     0xa000 ./Core/Src/lcd.o
 .bss.new_data  0x2000a58c        0x4 ./Core/Src/main.o
                0x2000a58c                new_data
 .bss.new_data_char
                0x2000a590       0x1e ./Core/Src/main.o
                0x2000a590                new_data_char
 *fill*         0x2000a5ae        0x2 
 .bss.start_display_flag
                0x2000a5b0        0x4 ./Core/Src/main.o
                0x2000a5b0                start_display_flag
 .bss.hspi1     0x2000a5b4       0x58 ./Core/Src/spi.o
                0x2000a5b4                hspi1
 .bss.hdma_spi1_tx
                0x2000a60c       0x60 ./Core/Src/spi.o
                0x2000a60c                hdma_spi1_tx
 .bss.__sbrk_heap_end
                0x2000a66c        0x4 ./Core/Src/sysmem.o
 .bss.uwTick    0x2000a670        0x4 ./Drivers/STM32F4xx_HAL_Driver/Src/stm32f4xx_hal.o
                0x2000a670                uwTick
 .bss.__sf      0x2000a674      0x138 C:/ST/STM32CubeIDE_1.12.0/STM32CubeIDE/plugins/com.st.stm32cube.ide.mcu.externaltools.gnu-tools-for-stm32.12.3.rel1.win32_1.0.200.202406191623/tools/bin/../lib/gcc/arm-none-eabi/12.3.1/../../../../arm-none-eabi/lib/thumb/v7e-m+fp/hard\libc_nano.a(libc_a-findfp.o)
                0x2000a674                __sf
 .bss.errno     0x2000a7ac        0x4 C:/ST/STM32CubeIDE_1.12.0/STM32CubeIDE/plugins/com.st.stm32cube.ide.mcu.externaltools.gnu-tools-for-stm32.12.3.rel1.win32_1.0.200.202406191623/tools/bin/../lib/gcc/arm-none-eabi/12.3.1/../../../../arm-none-eabi/lib/thumb/v7e-m+fp/hard\libc_nano.a(libc_a-reent.o)
                0x2000a7ac                errno
 .bss.__lock___malloc_recursive_mutex
                0x2000a7b0        0x1 C:/ST/STM32CubeIDE_1.12.0/STM32CubeIDE/plugins/com.st.stm32cube.ide.mcu.externaltools.gnu-tools-for-stm32.12.3.rel1.win32_1.0.200.202406191623/tools/bin/../lib/gcc/arm-none-eabi/12.3.1/../../../../arm-none-eabi/lib/thumb/v7e-m+fp/hard\libc_nano.a(libc_a-lock.o)
                0x2000a7b0                __lock___malloc_recursive_mutex
 *fill*         0x2000a7b1        0x3 
 .bss.__malloc_sbrk_start
                0x2000a7b4        0x4 C:/ST/STM32CubeIDE_1.12.0/STM32CubeIDE/plugins/com.st.stm32cube.ide.mcu.externaltools.gnu-tools-for-stm32.12.3.rel1.win32_1.0.200.202406191623/tools/bin/../lib/gcc/arm-none-eabi/12.3.1/../../../../arm-none-eabi/lib/thumb/v7e-m+fp/hard\libc_nano.a(libc_a-mallocr.o)
                0x2000a7b4                __malloc_sbrk_start
 .bss.__malloc_free_list
                0x2000a7b8        0x4 C:/ST/STM32CubeIDE_1.12.0/STM32CubeIDE/plugins/com.st.stm32cube.ide.mcu.externaltools.gnu-tools-for-stm32.12.3.rel1.win32_1.0.200.202406191623/tools/bin/../lib/gcc/arm-none-eabi/12.3.1/../../../../arm-none-eabi/lib/thumb/v7e-m+fp/hard\libc_nano.a(libc_a-mallocr.o)
                0x2000a7b8                __malloc_free_list
 *(COMMON)
                0x2000a7bc                        . = ALIGN (0x4)
                0x2000a7bc                        _ebss = .
                0x2000a7bc                        __bss_end__ = _ebss

._user_heap_stack
                0x2000a7bc      0x604
                0x2000a7c0                        . = ALIGN (0x8)
 *fill*         0x2000a7bc        0x4 
                [!provide]                        PROVIDE (end = .)
                0x2000a7c0                        PROVIDE (_end = .)
                0x2000a9c0                        . = (. + _Min_Heap_Size)
 *fill*         0x2000a7c0      0x200 
                0x2000adc0                        . = (. + _Min_Stack_Size)
 *fill*         0x2000a9c0      0x400 
                0x2000adc0                        . = ALIGN (0x8)

/DISCARD/
 libc.a(*)
 libm.a(*)
 libgcc.a(*)

.ARM.attributes
                0x00000000       0x30
 *(.ARM.attributes)
 .ARM.attributes
                0x00000000       0x22 C:/ST/STM32CubeIDE_1.12.0/STM32CubeIDE/plugins/com.st.stm32cube.ide.mcu.externaltools.gnu-tools-for-stm32.12.3.rel1.win32_1.0.200.202406191623/tools/bin/../lib/gcc/arm-none-eabi/12.3.1/thumb/v7e-m+fp/hard/crti.o
 .ARM.attributes
                0x00000022       0x34 C:/ST/STM32CubeIDE_1.12.0/STM32CubeIDE/plugins/com.st.stm32cube.ide.mcu.externaltools.gnu-tools-for-stm32.12.3.rel1.win32_1.0.200.202406191623/tools/bin/../lib/gcc/arm-none-eabi/12.3.1/thumb/v7e-m+fp/hard/crtbegin.o
 .ARM.attributes
                0x00000056       0x34 ./Core/Src/dma.o
 .ARM.attributes
                0x0000008a       0x34 ./Core/Src/gpio.o
 .ARM.attributes
                0x000000be       0x34 ./Core/Src/i2c_analyze.o
 .ARM.attributes
                0x000000f2       0x34 ./Core/Src/lcd.o
 .ARM.attributes
                0x00000126       0x34 ./Core/Src/main.o
 .ARM.attributes
                0x0000015a       0x34 ./Core/Src/spi.o
 .ARM.attributes
                0x0000018e       0x34 ./Core/Src/stm32f4xx_hal_msp.o
 .ARM.attributes
                0x000001c2       0x34 ./Core/Src/stm32f4xx_it.o
 .ARM.attributes
                0x000001f6       0x34 ./Core/Src/sysmem.o
 .ARM.attributes
                0x0000022a       0x34 ./Core/Src/system_stm32f4xx.o
 .ARM.attributes
                0x0000025e       0x21 ./Core/Startup/startup_stm32f407vgtx.o
 .ARM.attributes
                0x0000027f       0x34 ./Drivers/STM32F4xx_HAL_Driver/Src/stm32f4xx_hal.o
 .ARM.attributes
                0x000002b3       0x34 ./Drivers/STM32F4xx_HAL_Driver/Src/stm32f4xx_hal_cortex.o
 .ARM.attributes
                0x000002e7       0x34 ./Drivers/STM32F4xx_HAL_Driver/Src/stm32f4xx_hal_dma.o
 .ARM.attributes
                0x0000031b       0x34 ./Drivers/STM32F4xx_HAL_Driver/Src/stm32f4xx_hal_gpio.o
 .ARM.attributes
                0x0000034f       0x34 ./Drivers/STM32F4xx_HAL_Driver/Src/stm32f4xx_hal_rcc.o
 .ARM.attributes
                0x00000383       0x34 ./Drivers/STM32F4xx_HAL_Driver/Src/stm32f4xx_hal_spi.o
 .ARM.attributes
                0x000003b7       0x34 C:/ST/STM32CubeIDE_1.12.0/STM32CubeIDE/plugins/com.st.stm32cube.ide.mcu.externaltools.gnu-tools-for-stm32.12.3.rel1.win32_1.0.200.202406191623/tools/bin/../lib/gcc/arm-none-eabi/12.3.1/../../../../arm-none-eabi/lib/thumb/v7e-m+fp/hard\libc_nano.a(libc_a-findfp.o)
 .ARM.attributes
                0x000003eb       0x34 C:/ST/STM32CubeIDE_1.12.0/STM32CubeIDE/plugins/com.st.stm32cube.ide.mcu.externaltools.gnu-tools-for-stm32.12.3.rel1.win32_1.0.200.202406191623/tools/bin/../lib/gcc/arm-none-eabi/12.3.1/../../../../arm-none-eabi/lib/thumb/v7e-m+fp/hard\libc_nano.a(libc_a-sprintf.o)
 .ARM.attributes
                0x0000041f       0x34 C:/ST/STM32CubeIDE_1.12.0/STM32CubeIDE/plugins/com.st.stm32cube.ide.mcu.externaltools.gnu-tools-for-stm32.12.3.rel1.win32_1.0.200.202406191623/tools/bin/../lib/gcc/arm-none-eabi/12.3.1/../../../../arm-none-eabi/lib/thumb/v7e-m+fp/hard\libc_nano.a(libc_a-memset.o)
 .ARM.attributes
                0x00000453       0x34 C:/ST/STM32CubeIDE_1.12.0/STM32CubeIDE/plugins/com.st.stm32cube.ide.mcu.externaltools.gnu-tools-for-stm32.12.3.rel1.win32_1.0.200.202406191623/tools/bin/../lib/gcc/arm-none-eabi/12.3.1/../../../../arm-none-eabi/lib/thumb/v7e-m+fp/hard\libc_nano.a(libc_a-reent.o)
 .ARM.attributes
                0x00000487       0x34 C:/ST/STM32CubeIDE_1.12.0/STM32CubeIDE/plugins/com.st.stm32cube.ide.mcu.externaltools.gnu-tools-for-stm32.12.3.rel1.win32_1.0.200.202406191623/tools/bin/../lib/gcc/arm-none-eabi/12.3.1/../../../../arm-none-eabi/lib/thumb/v7e-m+fp/hard\libc_nano.a(libc_a-impure.o)
 .ARM.attributes
                0x000004bb       0x34 C:/ST/STM32CubeIDE_1.12.0/STM32CubeIDE/plugins/com.st.stm32cube.ide.mcu.externaltools.gnu-tools-for-stm32.12.3.rel1.win32_1.0.200.202406191623/tools/bin/../lib/gcc/arm-none-eabi/12.3.1/../../../../arm-none-eabi/lib/thumb/v7e-m+fp/hard\libc_nano.a(libc_a-errno.o)
 .ARM.attributes
                0x000004ef       0x34 C:/ST/STM32CubeIDE_1.12.0/STM32CubeIDE/plugins/com.st.stm32cube.ide.mcu.externaltools.gnu-tools-for-stm32.12.3.rel1.win32_1.0.200.202406191623/tools/bin/../lib/gcc/arm-none-eabi/12.3.1/../../../../arm-none-eabi/lib/thumb/v7e-m+fp/hard\libc_nano.a(libc_a-init.o)
 .ARM.attributes
                0x00000523       0x34 C:/ST/STM32CubeIDE_1.12.0/STM32CubeIDE/plugins/com.st.stm32cube.ide.mcu.externaltools.gnu-tools-for-stm32.12.3.rel1.win32_1.0.200.202406191623/tools/bin/../lib/gcc/arm-none-eabi/12.3.1/../../../../arm-none-eabi/lib/thumb/v7e-m+fp/hard\libc_nano.a(libc_a-lock.o)
 .ARM.attributes
                0x00000557       0x34 C:/ST/STM32CubeIDE_1.12.0/STM32CubeIDE/plugins/com.st.stm32cube.ide.mcu.externaltools.gnu-tools-for-stm32.12.3.rel1.win32_1.0.200.202406191623/tools/bin/../lib/gcc/arm-none-eabi/12.3.1/../../../../arm-none-eabi/lib/thumb/v7e-m+fp/hard\libc_nano.a(libc_a-freer.o)
 .ARM.attributes
                0x0000058b       0x34 C:/ST/STM32CubeIDE_1.12.0/STM32CubeIDE/plugins/com.st.stm32cube.ide.mcu.externaltools.gnu-tools-for-stm32.12.3.rel1.win32_1.0.200.202406191623/tools/bin/../lib/gcc/arm-none-eabi/12.3.1/../../../../arm-none-eabi/lib/thumb/v7e-m+fp/hard\libc_nano.a(libc_a-mallocr.o)
 .ARM.attributes
                0x000005bf       0x34 C:/ST/STM32CubeIDE_1.12.0/STM32CubeIDE/plugins/com.st.stm32cube.ide.mcu.externaltools.gnu-tools-for-stm32.12.3.rel1.win32_1.0.200.202406191623/tools/bin/../lib/gcc/arm-none-eabi/12.3.1/../../../../arm-none-eabi/lib/thumb/v7e-m+fp/hard\libc_nano.a(libc_a-mlock.o)
 .ARM.attributes
                0x000005f3       0x34 C:/ST/STM32CubeIDE_1.12.0/STM32CubeIDE/plugins/com.st.stm32cube.ide.mcu.externaltools.gnu-tools-for-stm32.12.3.rel1.win32_1.0.200.202406191623/tools/bin/../lib/gcc/arm-none-eabi/12.3.1/../../../../arm-none-eabi/lib/thumb/v7e-m+fp/hard\libc_nano.a(libc_a-nano-svfprintf.o)
 .ARM.attributes
                0x00000627       0x34 C:/ST/STM32CubeIDE_1.12.0/STM32CubeIDE/plugins/com.st.stm32cube.ide.mcu.externaltools.gnu-tools-for-stm32.12.3.rel1.win32_1.0.200.202406191623/tools/bin/../lib/gcc/arm-none-eabi/12.3.1/../../../../arm-none-eabi/lib/thumb/v7e-m+fp/hard\libc_nano.a(libc_a-nano-vfprintf_i.o)
 .ARM.attributes
                0x0000065b       0x34 C:/ST/STM32CubeIDE_1.12.0/STM32CubeIDE/plugins/com.st.stm32cube.ide.mcu.externaltools.gnu-tools-for-stm32.12.3.rel1.win32_1.0.200.202406191623/tools/bin/../lib/gcc/arm-none-eabi/12.3.1/../../../../arm-none-eabi/lib/thumb/v7e-m+fp/hard\libc_nano.a(libc_a-memmove.o)
 .ARM.attributes
                0x0000068f       0x34 C:/ST/STM32CubeIDE_1.12.0/STM32CubeIDE/plugins/com.st.stm32cube.ide.mcu.externaltools.gnu-tools-for-stm32.12.3.rel1.win32_1.0.200.202406191623/tools/bin/../lib/gcc/arm-none-eabi/12.3.1/../../../../arm-none-eabi/lib/thumb/v7e-m+fp/hard\libc_nano.a(libc_a-sbrkr.o)
 .ARM.attributes
                0x000006c3       0x1c C:/ST/STM32CubeIDE_1.12.0/STM32CubeIDE/plugins/com.st.stm32cube.ide.mcu.externaltools.gnu-tools-for-stm32.12.3.rel1.win32_1.0.200.202406191623/tools/bin/../lib/gcc/arm-none-eabi/12.3.1/../../../../arm-none-eabi/lib/thumb/v7e-m+fp/hard\libc_nano.a(libc_a-memchr.o)
 .ARM.attributes
                0x000006df       0x34 C:/ST/STM32CubeIDE_1.12.0/STM32CubeIDE/plugins/com.st.stm32cube.ide.mcu.externaltools.gnu-tools-for-stm32.12.3.rel1.win32_1.0.200.202406191623/tools/bin/../lib/gcc/arm-none-eabi/12.3.1/../../../../arm-none-eabi/lib/thumb/v7e-m+fp/hard\libc_nano.a(libc_a-memcpy-stub.o)
 .ARM.attributes
                0x00000713       0x34 C:/ST/STM32CubeIDE_1.12.0/STM32CubeIDE/plugins/com.st.stm32cube.ide.mcu.externaltools.gnu-tools-for-stm32.12.3.rel1.win32_1.0.200.202406191623/tools/bin/../lib/gcc/arm-none-eabi/12.3.1/../../../../arm-none-eabi/lib/thumb/v7e-m+fp/hard\libc_nano.a(libc_a-reallocr.o)
 .ARM.attributes
                0x00000747       0x34 C:/ST/STM32CubeIDE_1.12.0/STM32CubeIDE/plugins/com.st.stm32cube.ide.mcu.externaltools.gnu-tools-for-stm32.12.3.rel1.win32_1.0.200.202406191623/tools/bin/../lib/gcc/arm-none-eabi/12.3.1/../../../../arm-none-eabi/lib/thumb/v7e-m+fp/hard\libc_nano.a(libc_a-msizer.o)
 .ARM.attributes
                0x0000077b       0x22 C:/ST/STM32CubeIDE_1.12.0/STM32CubeIDE/plugins/com.st.stm32cube.ide.mcu.externaltools.gnu-tools-for-stm32.12.3.rel1.win32_1.0.200.202406191623/tools/bin/../lib/gcc/arm-none-eabi/12.3.1/thumb/v7e-m+fp/hard\libgcc.a(_aeabi_uldivmod.o)
 .ARM.attributes
                0x0000079d       0x34 C:/ST/STM32CubeIDE_1.12.0/STM32CubeIDE/plugins/com.st.stm32cube.ide.mcu.externaltools.gnu-tools-for-stm32.12.3.rel1.win32_1.0.200.202406191623/tools/bin/../lib/gcc/arm-none-eabi/12.3.1/thumb/v7e-m+fp/hard\libgcc.a(_udivmoddi4.o)
 .ARM.attributes
                0x000007d1       0x22 C:/ST/STM32CubeIDE_1.12.0/STM32CubeIDE/plugins/com.st.stm32cube.ide.mcu.externaltools.gnu-tools-for-stm32.12.3.rel1.win32_1.0.200.202406191623/tools/bin/../lib/gcc/arm-none-eabi/12.3.1/thumb/v7e-m+fp/hard\libgcc.a(_dvmd_tls.o)
 .ARM.attributes
                0x000007f3       0x22 C:/ST/STM32CubeIDE_1.12.0/STM32CubeIDE/plugins/com.st.stm32cube.ide.mcu.externaltools.gnu-tools-for-stm32.12.3.rel1.win32_1.0.200.202406191623/tools/bin/../lib/gcc/arm-none-eabi/12.3.1/thumb/v7e-m+fp/hard/crtn.o
OUTPUT(001_FrameAnalyzerV1.elf elf32-littlearm)
LOAD linker stubs
LOAD C:/ST/STM32CubeIDE_1.12.0/STM32CubeIDE/plugins/com.st.stm32cube.ide.mcu.externaltools.gnu-tools-for-stm32.12.3.rel1.win32_1.0.200.202406191623/tools/bin/../lib/gcc/arm-none-eabi/12.3.1/../../../../arm-none-eabi/lib/thumb/v7e-m+fp/hard\libc.a
LOAD C:/ST/STM32CubeIDE_1.12.0/STM32CubeIDE/plugins/com.st.stm32cube.ide.mcu.externaltools.gnu-tools-for-stm32.12.3.rel1.win32_1.0.200.202406191623/tools/bin/../lib/gcc/arm-none-eabi/12.3.1/../../../../arm-none-eabi/lib/thumb/v7e-m+fp/hard\libm.a
LOAD C:/ST/STM32CubeIDE_1.12.0/STM32CubeIDE/plugins/com.st.stm32cube.ide.mcu.externaltools.gnu-tools-for-stm32.12.3.rel1.win32_1.0.200.202406191623/tools/bin/../lib/gcc/arm-none-eabi/12.3.1/thumb/v7e-m+fp/hard\libgcc.a

.debug_info     0x00000000     0x7e69
 .debug_info    0x00000000      0x4ad ./Core/Src/dma.o
 .debug_info    0x000004ad      0x62a ./Core/Src/gpio.o
 .debug_info    0x00000ad7      0x394 ./Core/Src/i2c_analyze.o
 .debug_info    0x00000e6b      0xd53 ./Core/Src/lcd.o
 .debug_info    0x00001bbe      0x734 ./Core/Src/main.o
 .debug_info    0x000022f2      0x980 ./Core/Src/spi.o
 .debug_info    0x00002c72      0x269 ./Core/Src/stm32f4xx_hal_msp.o
 .debug_info    0x00002edb      0x3f3 ./Core/Src/stm32f4xx_it.o
 .debug_info    0x000032ce      0x168 ./Core/Src/sysmem.o
 .debug_info    0x00003436      0x512 ./Core/Src/system_stm32f4xx.o
 .debug_info    0x00003948       0x30 ./Core/Startup/startup_stm32f407vgtx.o
 .debug_info    0x00003978      0x944 ./Drivers/STM32F4xx_HAL_Driver/Src/stm32f4xx_hal.o
 .debug_info    0x000042bc      0xd57 ./Drivers/STM32F4xx_HAL_Driver/Src/stm32f4xx_hal_cortex.o
 .debug_info    0x00005013      0x8e7 ./Drivers/STM32F4xx_HAL_Driver/Src/stm32f4xx_hal_dma.o
 .debug_info    0x000058fa      0x6c3 ./Drivers/STM32F4xx_HAL_Driver/Src/stm32f4xx_hal_gpio.o
 .debug_info    0x00005fbd      0x8b1 ./Drivers/STM32F4xx_HAL_Driver/Src/stm32f4xx_hal_rcc.o
 .debug_info    0x0000686e     0x15fb ./Drivers/STM32F4xx_HAL_Driver/Src/stm32f4xx_hal_spi.o

.debug_abbrev   0x00000000     0x1e6d
 .debug_abbrev  0x00000000      0x10e ./Core/Src/dma.o
 .debug_abbrev  0x0000010e      0x174 ./Core/Src/gpio.o
 .debug_abbrev  0x00000282      0x1b3 ./Core/Src/i2c_analyze.o
 .debug_abbrev  0x00000435      0x28e ./Core/Src/lcd.o
 .debug_abbrev  0x000006c3      0x2a5 ./Core/Src/main.o
 .debug_abbrev  0x00000968      0x207 ./Core/Src/spi.o
 .debug_abbrev  0x00000b6f       0xd8 ./Core/Src/stm32f4xx_hal_msp.o
 .debug_abbrev  0x00000c47      0x17e ./Core/Src/stm32f4xx_it.o
 .debug_abbrev  0x00000dc5       0xbc ./Core/Src/sysmem.o
 .debug_abbrev  0x00000e81      0x11a ./Core/Src/system_stm32f4xx.o
 .debug_abbrev  0x00000f9b       0x24 ./Core/Startup/startup_stm32f407vgtx.o
 .debug_abbrev  0x00000fbf      0x214 ./Drivers/STM32F4xx_HAL_Driver/Src/stm32f4xx_hal.o
 .debug_abbrev  0x000011d3      0x328 ./Drivers/STM32F4xx_HAL_Driver/Src/stm32f4xx_hal_cortex.o
 .debug_abbrev  0x000014fb      0x264 ./Drivers/STM32F4xx_HAL_Driver/Src/stm32f4xx_hal_dma.o
 .debug_abbrev  0x0000175f      0x1d4 ./Drivers/STM32F4xx_HAL_Driver/Src/stm32f4xx_hal_gpio.o
 .debug_abbrev  0x00001933      0x2b6 ./Drivers/STM32F4xx_HAL_Driver/Src/stm32f4xx_hal_rcc.o
 .debug_abbrev  0x00001be9      0x284 ./Drivers/STM32F4xx_HAL_Driver/Src/stm32f4xx_hal_spi.o

.debug_aranges  0x00000000      0x808
 .debug_aranges
                0x00000000       0x20 ./Core/Src/dma.o
 .debug_aranges
                0x00000020       0x20 ./Core/Src/gpio.o
 .debug_aranges
                0x00000040       0x58 ./Core/Src/i2c_analyze.o
 .debug_aranges
                0x00000098       0xa8 ./Core/Src/lcd.o
 .debug_aranges
                0x00000140       0x40 ./Core/Src/main.o
 .debug_aranges
                0x00000180       0x30 ./Core/Src/spi.o
 .debug_aranges
                0x000001b0       0x20 ./Core/Src/stm32f4xx_hal_msp.o
 .debug_aranges
                0x000001d0       0x78 ./Core/Src/stm32f4xx_it.o
 .debug_aranges
                0x00000248       0x20 ./Core/Src/sysmem.o
 .debug_aranges
                0x00000268       0x28 ./Core/Src/system_stm32f4xx.o
 .debug_aranges
                0x00000290       0x28 ./Core/Startup/startup_stm32f407vgtx.o
 .debug_aranges
                0x000002b8       0xf0 ./Drivers/STM32F4xx_HAL_Driver/Src/stm32f4xx_hal.o
 .debug_aranges
                0x000003a8      0x120 ./Drivers/STM32F4xx_HAL_Driver/Src/stm32f4xx_hal_cortex.o
 .debug_aranges
                0x000004c8       0x90 ./Drivers/STM32F4xx_HAL_Driver/Src/stm32f4xx_hal_dma.o
 .debug_aranges
                0x00000558       0x58 ./Drivers/STM32F4xx_HAL_Driver/Src/stm32f4xx_hal_gpio.o
 .debug_aranges
                0x000005b0       0x88 ./Drivers/STM32F4xx_HAL_Driver/Src/stm32f4xx_hal_rcc.o
 .debug_aranges
                0x00000638      0x1d0 ./Drivers/STM32F4xx_HAL_Driver/Src/stm32f4xx_hal_spi.o

.debug_rnglists
                0x00000000      0x5e5
 .debug_rnglists
                0x00000000       0x13 ./Core/Src/dma.o
 .debug_rnglists
                0x00000013       0x14 ./Core/Src/gpio.o
 .debug_rnglists
                0x00000027       0x3e ./Core/Src/i2c_analyze.o
 .debug_rnglists
                0x00000065       0x7d ./Core/Src/lcd.o
 .debug_rnglists
                0x000000e2       0x2e ./Core/Src/main.o
 .debug_rnglists
                0x00000110       0x20 ./Core/Src/spi.o
 .debug_rnglists
                0x00000130       0x13 ./Core/Src/stm32f4xx_hal_msp.o
 .debug_rnglists
                0x00000143       0x55 ./Core/Src/stm32f4xx_it.o
 .debug_rnglists
                0x00000198       0x13 ./Core/Src/sysmem.o
 .debug_rnglists
                0x000001ab       0x1a ./Core/Src/system_stm32f4xx.o
 .debug_rnglists
                0x000001c5       0x19 ./Core/Startup/startup_stm32f407vgtx.o
 .debug_rnglists
                0x000001de       0xaf ./Drivers/STM32F4xx_HAL_Driver/Src/stm32f4xx_hal.o
 .debug_rnglists
                0x0000028d       0xd4 ./Drivers/STM32F4xx_HAL_Driver/Src/stm32f4xx_hal_cortex.o
 .debug_rnglists
                0x00000361       0x70 ./Drivers/STM32F4xx_HAL_Driver/Src/stm32f4xx_hal_dma.o
 .debug_rnglists
                0x000003d1       0x3f ./Drivers/STM32F4xx_HAL_Driver/Src/stm32f4xx_hal_gpio.o
 .debug_rnglists
                0x00000410       0x66 ./Drivers/STM32F4xx_HAL_Driver/Src/stm32f4xx_hal_rcc.o
 .debug_rnglists
                0x00000476      0x16f ./Drivers/STM32F4xx_HAL_Driver/Src/stm32f4xx_hal_spi.o

.debug_macro    0x00000000    0x20f1a
 .debug_macro   0x00000000      0x1d3 ./Core/Src/dma.o
 .debug_macro   0x000001d3      0xab4 ./Core/Src/dma.o
 .debug_macro   0x00000c87      0x295 ./Core/Src/dma.o
 .debug_macro   0x00000f1c       0x2e ./Core/Src/dma.o
 .debug_macro   0x00000f4a       0x2f ./Core/Src/dma.o
 .debug_macro   0x00000f79       0x22 ./Core/Src/dma.o
 .debug_macro   0x00000f9b       0x8e ./Core/Src/dma.o
 .debug_macro   0x00001029       0x51 ./Core/Src/dma.o
 .debug_macro   0x0000107a      0x103 ./Core/Src/dma.o
 .debug_macro   0x0000117d       0x6a ./Core/Src/dma.o
 .debug_macro   0x000011e7      0x1df ./Core/Src/dma.o
 .debug_macro   0x000013c6       0x1c ./Core/Src/dma.o
 .debug_macro   0x000013e2       0x22 ./Core/Src/dma.o
 .debug_macro   0x00001404       0xfb ./Core/Src/dma.o
 .debug_macro   0x000014ff     0x1011 ./Core/Src/dma.o
 .debug_macro   0x00002510      0x11f ./Core/Src/dma.o
 .debug_macro   0x0000262f    0x15e97 ./Core/Src/dma.o
 .debug_macro   0x000184c6       0x6d ./Core/Src/dma.o
 .debug_macro   0x00018533     0x368c ./Core/Src/dma.o
 .debug_macro   0x0001bbbf      0x189 ./Core/Src/dma.o
 .debug_macro   0x0001bd48       0x5c ./Core/Src/dma.o
 .debug_macro   0x0001bda4      0x980 ./Core/Src/dma.o
 .debug_macro   0x0001c724      0x9e9 ./Core/Src/dma.o
 .debug_macro   0x0001d10d      0x115 ./Core/Src/dma.o
 .debug_macro   0x0001d222      0x13e ./Core/Src/dma.o
 .debug_macro   0x0001d360       0xa5 ./Core/Src/dma.o
 .debug_macro   0x0001d405      0x174 ./Core/Src/dma.o
 .debug_macro   0x0001d579      0x287 ./Core/Src/dma.o
 .debug_macro   0x0001d800       0x5f ./Core/Src/dma.o
 .debug_macro   0x0001d85f      0x236 ./Core/Src/dma.o
 .debug_macro   0x0001da95      0x12c ./Core/Src/dma.o
 .debug_macro   0x0001dbc1      0x21e ./Core/Src/dma.o
 .debug_macro   0x0001dddf       0x2e ./Core/Src/dma.o
 .debug_macro   0x0001de0d      0x127 ./Core/Src/dma.o
 .debug_macro   0x0001df34       0x7e ./Core/Src/dma.o
 .debug_macro   0x0001dfb2       0x89 ./Core/Src/dma.o
 .debug_macro   0x0001e03b      0x225 ./Core/Src/dma.o
 .debug_macro   0x0001e260      0x12d ./Core/Src/dma.o
 .debug_macro   0x0001e38d       0x88 ./Core/Src/dma.o
 .debug_macro   0x0001e415      0x1d3 ./Core/Src/gpio.o
 .debug_macro   0x0001e5e8      0x1d8 ./Core/Src/i2c_analyze.o
 .debug_macro   0x0001e7c0       0x10 ./Core/Src/i2c_analyze.o
 .debug_macro   0x0001e7d0      0x32d ./Core/Src/lcd.o
 .debug_macro   0x0001eafd       0x22 ./Core/Src/lcd.o
 .debug_macro   0x0001eb1f       0x40 ./Core/Src/lcd.o
 .debug_macro   0x0001eb5f       0x61 ./Core/Src/lcd.o
 .debug_macro   0x0001ebc0       0x2a ./Core/Src/lcd.o
 .debug_macro   0x0001ebea       0x43 ./Core/Src/lcd.o
 .debug_macro   0x0001ec2d       0x34 ./Core/Src/lcd.o
 .debug_macro   0x0001ec61       0x16 ./Core/Src/lcd.o
 .debug_macro   0x0001ec77       0x43 ./Core/Src/lcd.o
 .debug_macro   0x0001ecba       0x34 ./Core/Src/lcd.o
 .debug_macro   0x0001ecee       0x10 ./Core/Src/lcd.o
 .debug_macro   0x0001ecfe       0x58 ./Core/Src/lcd.o
 .debug_macro   0x0001ed56       0x8e ./Core/Src/lcd.o
 .debug_macro   0x0001ede4       0x1c ./Core/Src/lcd.o
 .debug_macro   0x0001ee00      0x177 ./Core/Src/lcd.o
 .debug_macro   0x0001ef77      0x369 ./Core/Src/lcd.o
 .debug_macro   0x0001f2e0      0x19b ./Core/Src/lcd.o
 .debug_macro   0x0001f47b      0x31b ./Core/Src/main.o
 .debug_macro   0x0001f796       0x16 ./Core/Src/main.o
 .debug_macro   0x0001f7ac       0x16 ./Core/Src/main.o
 .debug_macro   0x0001f7c2       0x35 ./Core/Src/main.o
 .debug_macro   0x0001f7f7       0x20 ./Core/Src/main.o
 .debug_macro   0x0001f817       0x1c ./Core/Src/main.o
 .debug_macro   0x0001f833       0x10 ./Core/Src/main.o
 .debug_macro   0x0001f843       0x1c ./Core/Src/main.o
 .debug_macro   0x0001f85f       0x16 ./Core/Src/main.o
 .debug_macro   0x0001f875      0x146 ./Core/Src/main.o
 .debug_macro   0x0001f9bb      0x1d3 ./Core/Src/spi.o
 .debug_macro   0x0001fb8e      0x1c9 ./Core/Src/stm32f4xx_hal_msp.o
 .debug_macro   0x0001fd57      0x1d3 ./Core/Src/stm32f4xx_it.o
 .debug_macro   0x0001ff2a       0xff ./Core/Src/sysmem.o
 .debug_macro   0x00020029      0x23c ./Core/Src/sysmem.o
 .debug_macro   0x00020265      0x1ba ./Core/Src/system_stm32f4xx.o
 .debug_macro   0x0002041f      0x21a ./Drivers/STM32F4xx_HAL_Driver/Src/stm32f4xx_hal.o
 .debug_macro   0x00020639      0x1ba ./Drivers/STM32F4xx_HAL_Driver/Src/stm32f4xx_hal_cortex.o
 .debug_macro   0x000207f3      0x1c0 ./Drivers/STM32F4xx_HAL_Driver/Src/stm32f4xx_hal_dma.o
 .debug_macro   0x000209b3      0x1c0 ./Drivers/STM32F4xx_HAL_Driver/Src/stm32f4xx_hal_gpio.o
 .debug_macro   0x00020b73      0x1de ./Drivers/STM32F4xx_HAL_Driver/Src/stm32f4xx_hal_rcc.o
 .debug_macro   0x00020d51      0x1c9 ./Drivers/STM32F4xx_HAL_Driver/Src/stm32f4xx_hal_spi.o

.debug_line     0x00000000     0xae73
 .debug_line    0x00000000      0x718 ./Core/Src/dma.o
 .debug_line    0x00000718      0x751 ./Core/Src/gpio.o
 .debug_line    0x00000e69      0x889 ./Core/Src/i2c_analyze.o
 .debug_line    0x000016f2      0xc46 ./Core/Src/lcd.o
 .debug_line    0x00002338      0xa36 ./Core/Src/main.o
 .debug_line    0x00002d6e      0x7b5 ./Core/Src/spi.o
 .debug_line    0x00003523      0x71d ./Core/Src/stm32f4xx_hal_msp.o
 .debug_line    0x00003c40      0x829 ./Core/Src/stm32f4xx_it.o
 .debug_line    0x00004469      0x583 ./Core/Src/sysmem.o
 .debug_line    0x000049ec      0x7a1 ./Core/Src/system_stm32f4xx.o
 .debug_line    0x0000518d       0x7a ./Core/Startup/startup_stm32f407vgtx.o
 .debug_line    0x00005207      0xa0a ./Drivers/STM32F4xx_HAL_Driver/Src/stm32f4xx_hal.o
 .debug_line    0x00005c11      0xcd2 ./Drivers/STM32F4xx_HAL_Driver/Src/stm32f4xx_hal_cortex.o
 .debug_line    0x000068e3      0xf7a ./Drivers/STM32F4xx_HAL_Driver/Src/stm32f4xx_hal_dma.o
 .debug_line    0x0000785d      0xb96 ./Drivers/STM32F4xx_HAL_Driver/Src/stm32f4xx_hal_gpio.o
 .debug_line    0x000083f3      0xd7b ./Drivers/STM32F4xx_HAL_Driver/Src/stm32f4xx_hal_rcc.o
 .debug_line    0x0000916e     0x1d05 ./Drivers/STM32F4xx_HAL_Driver/Src/stm32f4xx_hal_spi.o

.debug_str      0x00000000    0xc3391
 .debug_str     0x00000000    0xbc9b8 ./Core/Src/dma.o
                              0xbcc67 (size before relaxing)
 .debug_str     0x000bc9b8       0xe9 ./Core/Src/gpio.o
                              0xbcd35 (size before relaxing)
 .debug_str     0x000bcaa1      0x202 ./Core/Src/i2c_analyze.o
                              0xbc893 (size before relaxing)
 .debug_str     0x000bcca3     0x41f5 ./Core/Src/lcd.o
                              0xc091d (size before relaxing)
 .debug_str     0x000c0e98      0x8ba ./Core/Src/main.o
                              0xc0b62 (size before relaxing)
 .debug_str     0x000c1752       0x84 ./Core/Src/spi.o
                              0xbccca (size before relaxing)
 .debug_str     0x000c17d6       0x2c ./Core/Src/stm32f4xx_hal_msp.o
                              0xbc74a (size before relaxing)
 .debug_str     0x000c1802      0x135 ./Core/Src/stm32f4xx_it.o
                              0xbc9bd (size before relaxing)
 .debug_str     0x000c1937      0x4dc ./Core/Src/sysmem.o
                               0x60e2 (size before relaxing)
 .debug_str     0x000c1e13       0xdb ./Core/Src/system_stm32f4xx.o
                              0xbc505 (size before relaxing)
 .debug_str     0x000c1eee       0x44 ./Core/Startup/startup_stm32f407vgtx.o
                                 0x95 (size before relaxing)
 .debug_str     0x000c1f32      0x603 ./Drivers/STM32F4xx_HAL_Driver/Src/stm32f4xx_hal.o
                              0xbd089 (size before relaxing)
 .debug_str     0x000c2535      0x34e ./Drivers/STM32F4xx_HAL_Driver/Src/stm32f4xx_hal_cortex.o
                              0xbcdd3 (size before relaxing)
 .debug_str     0x000c2883      0x2eb ./Drivers/STM32F4xx_HAL_Driver/Src/stm32f4xx_hal_dma.o
                              0xbc91f (size before relaxing)
 .debug_str     0x000c2b6e       0xb5 ./Drivers/STM32F4xx_HAL_Driver/Src/stm32f4xx_hal_gpio.o
                              0xbc680 (size before relaxing)
 .debug_str     0x000c2c23      0x233 ./Drivers/STM32F4xx_HAL_Driver/Src/stm32f4xx_hal_rcc.o
                              0xbc939 (size before relaxing)
 .debug_str     0x000c2e56      0x53b ./Drivers/STM32F4xx_HAL_Driver/Src/stm32f4xx_hal_spi.o
                              0xbcdc9 (size before relaxing)

.comment        0x00000000       0x43
 .comment       0x00000000       0x43 ./Core/Src/dma.o
                                 0x44 (size before relaxing)
 .comment       0x00000043       0x44 ./Core/Src/gpio.o
 .comment       0x00000043       0x44 ./Core/Src/i2c_analyze.o
 .comment       0x00000043       0x44 ./Core/Src/lcd.o
 .comment       0x00000043       0x44 ./Core/Src/main.o
 .comment       0x00000043       0x44 ./Core/Src/spi.o
 .comment       0x00000043       0x44 ./Core/Src/stm32f4xx_hal_msp.o
 .comment       0x00000043       0x44 ./Core/Src/stm32f4xx_it.o
 .comment       0x00000043       0x44 ./Core/Src/sysmem.o
 .comment       0x00000043       0x44 ./Core/Src/system_stm32f4xx.o
 .comment       0x00000043       0x44 ./Drivers/STM32F4xx_HAL_Driver/Src/stm32f4xx_hal.o
 .comment       0x00000043       0x44 ./Drivers/STM32F4xx_HAL_Driver/Src/stm32f4xx_hal_cortex.o
 .comment       0x00000043       0x44 ./Drivers/STM32F4xx_HAL_Driver/Src/stm32f4xx_hal_dma.o
 .comment       0x00000043       0x44 ./Drivers/STM32F4xx_HAL_Driver/Src/stm32f4xx_hal_gpio.o
 .comment       0x00000043       0x44 ./Drivers/STM32F4xx_HAL_Driver/Src/stm32f4xx_hal_rcc.o
 .comment       0x00000043       0x44 ./Drivers/STM32F4xx_HAL_Driver/Src/stm32f4xx_hal_spi.o

.debug_frame    0x00000000     0x231c
 .debug_frame   0x00000000       0x34 ./Core/Src/dma.o
 .debug_frame   0x00000034       0x34 ./Core/Src/gpio.o
 .debug_frame   0x00000068      0x11c ./Core/Src/i2c_analyze.o
 .debug_frame   0x00000184      0x290 ./Core/Src/lcd.o
 .debug_frame   0x00000414       0xb0 ./Core/Src/main.o
 .debug_frame   0x000004c4       0x74 ./Core/Src/spi.o
 .debug_frame   0x00000538       0x38 ./Core/Src/stm32f4xx_hal_msp.o
 .debug_frame   0x00000570      0x158 ./Core/Src/stm32f4xx_it.o
 .debug_frame   0x000006c8       0x34 ./Core/Src/sysmem.o
 .debug_frame   0x000006fc       0x58 ./Core/Src/system_stm32f4xx.o
 .debug_frame   0x00000754      0x374 ./Drivers/STM32F4xx_HAL_Driver/Src/stm32f4xx_hal.o
 .debug_frame   0x00000ac8      0x4b8 ./Drivers/STM32F4xx_HAL_Driver/Src/stm32f4xx_hal_cortex.o
 .debug_frame   0x00000f80      0x250 ./Drivers/STM32F4xx_HAL_Driver/Src/stm32f4xx_hal_dma.o
 .debug_frame   0x000011d0      0x14c ./Drivers/STM32F4xx_HAL_Driver/Src/stm32f4xx_hal_gpio.o
 .debug_frame   0x0000131c      0x1f4 ./Drivers/STM32F4xx_HAL_Driver/Src/stm32f4xx_hal_rcc.o
 .debug_frame   0x00001510      0x828 ./Drivers/STM32F4xx_HAL_Driver/Src/stm32f4xx_hal_spi.o
 .debug_frame   0x00001d38      0x144 C:/ST/STM32CubeIDE_1.12.0/STM32CubeIDE/plugins/com.st.stm32cube.ide.mcu.externaltools.gnu-tools-for-stm32.12.3.rel1.win32_1.0.200.202406191623/tools/bin/../lib/gcc/arm-none-eabi/12.3.1/../../../../arm-none-eabi/lib/thumb/v7e-m+fp/hard\libc_nano.a(libc_a-findfp.o)
 .debug_frame   0x00001e7c       0x6c C:/ST/STM32CubeIDE_1.12.0/STM32CubeIDE/plugins/com.st.stm32cube.ide.mcu.externaltools.gnu-tools-for-stm32.12.3.rel1.win32_1.0.200.202406191623/tools/bin/../lib/gcc/arm-none-eabi/12.3.1/../../../../arm-none-eabi/lib/thumb/v7e-m+fp/hard\libc_nano.a(libc_a-sprintf.o)
 .debug_frame   0x00001ee8       0x20 C:/ST/STM32CubeIDE_1.12.0/STM32CubeIDE/plugins/com.st.stm32cube.ide.mcu.externaltools.gnu-tools-for-stm32.12.3.rel1.win32_1.0.200.202406191623/tools/bin/../lib/gcc/arm-none-eabi/12.3.1/../../../../arm-none-eabi/lib/thumb/v7e-m+fp/hard\libc_nano.a(libc_a-memset.o)
 .debug_frame   0x00001f08       0x38 C:/ST/STM32CubeIDE_1.12.0/STM32CubeIDE/plugins/com.st.stm32cube.ide.mcu.externaltools.gnu-tools-for-stm32.12.3.rel1.win32_1.0.200.202406191623/tools/bin/../lib/gcc/arm-none-eabi/12.3.1/../../../../arm-none-eabi/lib/thumb/v7e-m+fp/hard\libc_nano.a(libc_a-reent.o)
 .debug_frame   0x00001f40       0x20 C:/ST/STM32CubeIDE_1.12.0/STM32CubeIDE/plugins/com.st.stm32cube.ide.mcu.externaltools.gnu-tools-for-stm32.12.3.rel1.win32_1.0.200.202406191623/tools/bin/../lib/gcc/arm-none-eabi/12.3.1/../../../../arm-none-eabi/lib/thumb/v7e-m+fp/hard\libc_nano.a(libc_a-errno.o)
 .debug_frame   0x00001f60       0x2c C:/ST/STM32CubeIDE_1.12.0/STM32CubeIDE/plugins/com.st.stm32cube.ide.mcu.externaltools.gnu-tools-for-stm32.12.3.rel1.win32_1.0.200.202406191623/tools/bin/../lib/gcc/arm-none-eabi/12.3.1/../../../../arm-none-eabi/lib/thumb/v7e-m+fp/hard\libc_nano.a(libc_a-init.o)
 .debug_frame   0x00001f8c       0xb0 C:/ST/STM32CubeIDE_1.12.0/STM32CubeIDE/plugins/com.st.stm32cube.ide.mcu.externaltools.gnu-tools-for-stm32.12.3.rel1.win32_1.0.200.202406191623/tools/bin/../lib/gcc/arm-none-eabi/12.3.1/../../../../arm-none-eabi/lib/thumb/v7e-m+fp/hard\libc_nano.a(libc_a-lock.o)
 .debug_frame   0x0000203c       0x38 C:/ST/STM32CubeIDE_1.12.0/STM32CubeIDE/plugins/com.st.stm32cube.ide.mcu.externaltools.gnu-tools-for-stm32.12.3.rel1.win32_1.0.200.202406191623/tools/bin/../lib/gcc/arm-none-eabi/12.3.1/../../../../arm-none-eabi/lib/thumb/v7e-m+fp/hard\libc_nano.a(libc_a-freer.o)
 .debug_frame   0x00002074       0x50 C:/ST/STM32CubeIDE_1.12.0/STM32CubeIDE/plugins/com.st.stm32cube.ide.mcu.externaltools.gnu-tools-for-stm32.12.3.rel1.win32_1.0.200.202406191623/tools/bin/../lib/gcc/arm-none-eabi/12.3.1/../../../../arm-none-eabi/lib/thumb/v7e-m+fp/hard\libc_nano.a(libc_a-mallocr.o)
 .debug_frame   0x000020c4       0x30 C:/ST/STM32CubeIDE_1.12.0/STM32CubeIDE/plugins/com.st.stm32cube.ide.mcu.externaltools.gnu-tools-for-stm32.12.3.rel1.win32_1.0.200.202406191623/tools/bin/../lib/gcc/arm-none-eabi/12.3.1/../../../../arm-none-eabi/lib/thumb/v7e-m+fp/hard\libc_nano.a(libc_a-mlock.o)
 .debug_frame   0x000020f4       0x90 C:/ST/STM32CubeIDE_1.12.0/STM32CubeIDE/plugins/com.st.stm32cube.ide.mcu.externaltools.gnu-tools-for-stm32.12.3.rel1.win32_1.0.200.202406191623/tools/bin/../lib/gcc/arm-none-eabi/12.3.1/../../../../arm-none-eabi/lib/thumb/v7e-m+fp/hard\libc_nano.a(libc_a-nano-svfprintf.o)
 .debug_frame   0x00002184       0x60 C:/ST/STM32CubeIDE_1.12.0/STM32CubeIDE/plugins/com.st.stm32cube.ide.mcu.externaltools.gnu-tools-for-stm32.12.3.rel1.win32_1.0.200.202406191623/tools/bin/../lib/gcc/arm-none-eabi/12.3.1/../../../../arm-none-eabi/lib/thumb/v7e-m+fp/hard\libc_nano.a(libc_a-nano-vfprintf_i.o)
 .debug_frame   0x000021e4       0x28 C:/ST/STM32CubeIDE_1.12.0/STM32CubeIDE/plugins/com.st.stm32cube.ide.mcu.externaltools.gnu-tools-for-stm32.12.3.rel1.win32_1.0.200.202406191623/tools/bin/../lib/gcc/arm-none-eabi/12.3.1/../../../../arm-none-eabi/lib/thumb/v7e-m+fp/hard\libc_nano.a(libc_a-memmove.o)
 .debug_frame   0x0000220c       0x2c C:/ST/STM32CubeIDE_1.12.0/STM32CubeIDE/plugins/com.st.stm32cube.ide.mcu.externaltools.gnu-tools-for-stm32.12.3.rel1.win32_1.0.200.202406191623/tools/bin/../lib/gcc/arm-none-eabi/12.3.1/../../../../arm-none-eabi/lib/thumb/v7e-m+fp/hard\libc_nano.a(libc_a-sbrkr.o)
 .debug_frame   0x00002238       0x28 C:/ST/STM32CubeIDE_1.12.0/STM32CubeIDE/plugins/com.st.stm32cube.ide.mcu.externaltools.gnu-tools-for-stm32.12.3.rel1.win32_1.0.200.202406191623/tools/bin/../lib/gcc/arm-none-eabi/12.3.1/../../../../arm-none-eabi/lib/thumb/v7e-m+fp/hard\libc_nano.a(libc_a-memcpy-stub.o)
 .debug_frame   0x00002260       0x3c C:/ST/STM32CubeIDE_1.12.0/STM32CubeIDE/plugins/com.st.stm32cube.ide.mcu.externaltools.gnu-tools-for-stm32.12.3.rel1.win32_1.0.200.202406191623/tools/bin/../lib/gcc/arm-none-eabi/12.3.1/../../../../arm-none-eabi/lib/thumb/v7e-m+fp/hard\libc_nano.a(libc_a-reallocr.o)
 .debug_frame   0x0000229c       0x20 C:/ST/STM32CubeIDE_1.12.0/STM32CubeIDE/plugins/com.st.stm32cube.ide.mcu.externaltools.gnu-tools-for-stm32.12.3.rel1.win32_1.0.200.202406191623/tools/bin/../lib/gcc/arm-none-eabi/12.3.1/../../../../arm-none-eabi/lib/thumb/v7e-m+fp/hard\libc_nano.a(libc_a-msizer.o)
 .debug_frame   0x000022bc       0x2c C:/ST/STM32CubeIDE_1.12.0/STM32CubeIDE/plugins/com.st.stm32cube.ide.mcu.externaltools.gnu-tools-for-stm32.12.3.rel1.win32_1.0.200.202406191623/tools/bin/../lib/gcc/arm-none-eabi/12.3.1/thumb/v7e-m+fp/hard\libgcc.a(_aeabi_uldivmod.o)
 .debug_frame   0x000022e8       0x34 C:/ST/STM32CubeIDE_1.12.0/STM32CubeIDE/plugins/com.st.stm32cube.ide.mcu.externaltools.gnu-tools-for-stm32.12.3.rel1.win32_1.0.200.202406191623/tools/bin/../lib/gcc/arm-none-eabi/12.3.1/thumb/v7e-m+fp/hard\libgcc.a(_udivmoddi4.o)

.debug_line_str
                0x00000000       0x79
 .debug_line_str
                0x00000000       0x79 ./Core/Startup/startup_stm32f407vgtx.o
