../Core/Src/i2c_analyze.c:16:13:i2c_convert_i2c_byte	16	static
../Core/Src/i2c_analyze.c:30:19:i2c_read_data	8	static
../Core/Src/i2c_analyze.c:52:22:i2c_is_data_ready	4	static
../Core/Src/i2c_analyze.c:64:5:i2c_get_ready_i2c_byte	16	static
../Core/Src/i2c_analyze.c:77:14:i2c_check_for_start	16	static
../Core/Src/i2c_analyze.c:96:14:i2c_check_for_stop	16	static
../Core/Src/i2c_analyze.c:116:6:i2c_scl_falling	4	static
../Core/Src/i2c_analyze.c:121:6:i2c_reset_all	16	static
../Core/Src/i2c_analyze.c:137:5:i2c_get_bytes_buffor_size	4	static
