../Core/Src/lcd.c:987:13:lcd_send_command	16	static
../Core/Src/lcd.c:995:13:lcd_send_data	16	static
../Core/Src/lcd.c:1005:13:lcd_send	16	static
../Core/Src/lcd.c:1035:6:lcd_init	16	static
../Core/Src/lcd.c:1056:13:lcd_send_data16	16	static
../Core/Src/lcd.c:1062:13:lcd_set_window	24	static
../Core/Src/lcd.c:1073:6:lcd_put_pixel	24	static
../Core/Src/lcd.c:1078:6:fill_with	24	static
../Core/Src/lcd.c:1087:6:lcd_copy	8	static
../Core/Src/lcd.c:1096:6:lcd_transfer_done	8	static
../Core/Src/lcd.c:1101:6:lcd_is_busy	8	static
../Core/Src/lcd.c:1109:6:LCD_DisplayChar	40	static
../Core/Src/lcd.c:1133:6:LCD_DisplayString	32	static
../Core/Src/lcd.c:1153:6:LCD_DrawLine	56	static
../Core/Src/lcd.c:1188:6:lcd_fill_box	32	static
../Core/Src/lcd.c:1203:6:lcd_draw_horizontal_line	24	static
../Core/Src/lcd.c:1210:6:lcd_draw_circle	40	static
../Core/Src/lcd.c:1224:6:LCD_DrawCircle	32	static
